Archive member included to satisfy reference by file (symbol)

C:/ST/STM32CubeIDE_1.17.0/STM32CubeIDE/plugins/com.st.stm32cube.ide.mcu.externaltools.gnu-tools-for-stm32.13.3.rel1.win32_1.0.0.202411081344/tools/bin/../lib/gcc/arm-none-eabi/13.3.1/../../../../arm-none-eabi/lib/thumb/v7-m/nofp\libc_nano.a(libc_a-exit.o)
                              C:/ST/STM32CubeIDE_1.17.0/STM32CubeIDE/plugins/com.st.stm32cube.ide.mcu.externaltools.gnu-tools-for-stm32.13.3.rel1.win32_1.0.0.202411081344/tools/bin/../lib/gcc/arm-none-eabi/13.3.1/../../../../arm-none-eabi/lib/thumb/v7-m/nofp/crt0.o (exit)
C:/ST/STM32CubeIDE_1.17.0/STM32CubeIDE/plugins/com.st.stm32cube.ide.mcu.externaltools.gnu-tools-for-stm32.13.3.rel1.win32_1.0.0.202411081344/tools/bin/../lib/gcc/arm-none-eabi/13.3.1/../../../../arm-none-eabi/lib/thumb/v7-m/nofp\libc_nano.a(libc_a-findfp.o)
                              C:/ST/STM32CubeIDE_1.17.0/STM32CubeIDE/plugins/com.st.stm32cube.ide.mcu.externaltools.gnu-tools-for-stm32.13.3.rel1.win32_1.0.0.202411081344/tools/bin/../lib/gcc/arm-none-eabi/13.3.1/../../../../arm-none-eabi/lib/thumb/v7-m/nofp\libc_nano.a(libc_a-exit.o) (__stdio_exit_handler)
C:/ST/STM32CubeIDE_1.17.0/STM32CubeIDE/plugins/com.st.stm32cube.ide.mcu.externaltools.gnu-tools-for-stm32.13.3.rel1.win32_1.0.0.202411081344/tools/bin/../lib/gcc/arm-none-eabi/13.3.1/../../../../arm-none-eabi/lib/thumb/v7-m/nofp\libc_nano.a(libc_a-fwalk.o)
                              C:/ST/STM32CubeIDE_1.17.0/STM32CubeIDE/plugins/com.st.stm32cube.ide.mcu.externaltools.gnu-tools-for-stm32.13.3.rel1.win32_1.0.0.202411081344/tools/bin/../lib/gcc/arm-none-eabi/13.3.1/../../../../arm-none-eabi/lib/thumb/v7-m/nofp\libc_nano.a(libc_a-findfp.o) (_fwalk_sglue)
C:/ST/STM32CubeIDE_1.17.0/STM32CubeIDE/plugins/com.st.stm32cube.ide.mcu.externaltools.gnu-tools-for-stm32.13.3.rel1.win32_1.0.0.202411081344/tools/bin/../lib/gcc/arm-none-eabi/13.3.1/../../../../arm-none-eabi/lib/thumb/v7-m/nofp\libc_nano.a(libc_a-stdio.o)
                              C:/ST/STM32CubeIDE_1.17.0/STM32CubeIDE/plugins/com.st.stm32cube.ide.mcu.externaltools.gnu-tools-for-stm32.13.3.rel1.win32_1.0.0.202411081344/tools/bin/../lib/gcc/arm-none-eabi/13.3.1/../../../../arm-none-eabi/lib/thumb/v7-m/nofp\libc_nano.a(libc_a-findfp.o) (__sread)
C:/ST/STM32CubeIDE_1.17.0/STM32CubeIDE/plugins/com.st.stm32cube.ide.mcu.externaltools.gnu-tools-for-stm32.13.3.rel1.win32_1.0.0.202411081344/tools/bin/../lib/gcc/arm-none-eabi/13.3.1/../../../../arm-none-eabi/lib/thumb/v7-m/nofp\libc_nano.a(libc_a-memset.o)
                              C:/ST/STM32CubeIDE_1.17.0/STM32CubeIDE/plugins/com.st.stm32cube.ide.mcu.externaltools.gnu-tools-for-stm32.13.3.rel1.win32_1.0.0.202411081344/tools/bin/../lib/gcc/arm-none-eabi/13.3.1/../../../../arm-none-eabi/lib/thumb/v7-m/nofp/crt0.o (memset)
C:/ST/STM32CubeIDE_1.17.0/STM32CubeIDE/plugins/com.st.stm32cube.ide.mcu.externaltools.gnu-tools-for-stm32.13.3.rel1.win32_1.0.0.202411081344/tools/bin/../lib/gcc/arm-none-eabi/13.3.1/../../../../arm-none-eabi/lib/thumb/v7-m/nofp\libc_nano.a(libc_a-closer.o)
                              C:/ST/STM32CubeIDE_1.17.0/STM32CubeIDE/plugins/com.st.stm32cube.ide.mcu.externaltools.gnu-tools-for-stm32.13.3.rel1.win32_1.0.0.202411081344/tools/bin/../lib/gcc/arm-none-eabi/13.3.1/../../../../arm-none-eabi/lib/thumb/v7-m/nofp\libc_nano.a(libc_a-stdio.o) (_close_r)
C:/ST/STM32CubeIDE_1.17.0/STM32CubeIDE/plugins/com.st.stm32cube.ide.mcu.externaltools.gnu-tools-for-stm32.13.3.rel1.win32_1.0.0.202411081344/tools/bin/../lib/gcc/arm-none-eabi/13.3.1/../../../../arm-none-eabi/lib/thumb/v7-m/nofp\libc_nano.a(libc_a-reent.o)
                              C:/ST/STM32CubeIDE_1.17.0/STM32CubeIDE/plugins/com.st.stm32cube.ide.mcu.externaltools.gnu-tools-for-stm32.13.3.rel1.win32_1.0.0.202411081344/tools/bin/../lib/gcc/arm-none-eabi/13.3.1/../../../../arm-none-eabi/lib/thumb/v7-m/nofp\libc_nano.a(libc_a-closer.o) (errno)
C:/ST/STM32CubeIDE_1.17.0/STM32CubeIDE/plugins/com.st.stm32cube.ide.mcu.externaltools.gnu-tools-for-stm32.13.3.rel1.win32_1.0.0.202411081344/tools/bin/../lib/gcc/arm-none-eabi/13.3.1/../../../../arm-none-eabi/lib/thumb/v7-m/nofp\libc_nano.a(libc_a-impure.o)
                              C:/ST/STM32CubeIDE_1.17.0/STM32CubeIDE/plugins/com.st.stm32cube.ide.mcu.externaltools.gnu-tools-for-stm32.13.3.rel1.win32_1.0.0.202411081344/tools/bin/../lib/gcc/arm-none-eabi/13.3.1/../../../../arm-none-eabi/lib/thumb/v7-m/nofp\libc_nano.a(libc_a-reent.o) (_impure_ptr)
C:/ST/STM32CubeIDE_1.17.0/STM32CubeIDE/plugins/com.st.stm32cube.ide.mcu.externaltools.gnu-tools-for-stm32.13.3.rel1.win32_1.0.0.202411081344/tools/bin/../lib/gcc/arm-none-eabi/13.3.1/../../../../arm-none-eabi/lib/thumb/v7-m/nofp\libc_nano.a(libc_a-lseekr.o)
[...]
Memory Configuration

Name             Origin             Length             Attributes
RAM              0x20000000         0x00005000         xrw
FLASH            0x08000000         0x00010000         xr
*default*        0x00000000         0xffffffff

Linker script and memory map

LOAD C:/ST/STM32CubeIDE_1.17.0/STM32CubeIDE/plugins/com.st.stm32cube.ide.mcu.externaltools.gnu-tools-for-stm32.13.3.rel1.win32_1.0.0.202411081344/tools/bin/../lib/gcc/arm-none-eabi/13.3.1/thumb/v7-m/nofp/crti.o
LOAD C:/ST/STM32CubeIDE_1.17.0/STM32CubeIDE/plugins/com.st.stm32cube.ide.mcu.externaltools.gnu-tools-for-stm32.13.3.rel1.win32_1.0.0.202411081344/tools/bin/../lib/gcc/arm-none-eabi/13.3.1/thumb/v7-m/nofp/crtbegin.o
LOAD C:/ST/STM32CubeIDE_1.17.0/STM32CubeIDE/plugins/com.st.stm32cube.ide.mcu.externaltools.gnu-tools-for-stm32.13.3.rel1.win32_1.0.0.202411081344/tools/bin/../lib/gcc/arm-none-eabi/13.3.1/../../../../arm-none-eabi/lib/thumb/v7-m/nofp/crt0.o
LOAD ./Core/Src/main.o
LOAD ./Core/Src/stm32f1xx_hal_msp.o
LOAD ./Core/Src/stm32f1xx_it.o
LOAD ./Core/Src/syscalls.o
LOAD ./Core/Src/sysmem.o
LOAD ./Core/Src/system_stm32f1xx.o
LOAD ./Core/Startup/startup_stm32f103c8tx.o
LOAD ./Drivers/STM32F1xx_HAL_Driver/Src/stm32f1xx_hal.o
LOAD ./Drivers/STM32F1xx_HAL_Driver/Src/stm32f1xx_hal_adc.o
LOAD ./Drivers/STM32F1xx_HAL_Driver/Src/stm32f1xx_hal_adc_ex.o
LOAD ./Drivers/STM32F1xx_HAL_Driver/Src/stm32f1xx_hal_cortex.o
LOAD ./Drivers/STM32F1xx_HAL_Driver/Src/stm32f1xx_hal_dma.o
LOAD ./Drivers/STM32F1xx_HAL_Driver/Src/stm32f1xx_hal_exti.o
LOAD ./Drivers/STM32F1xx_HAL_Driver/Src/stm32f1xx_hal_flash.o
LOAD ./Drivers/STM32F1xx_HAL_Driver/Src/stm32f1xx_hal_flash_ex.o
LOAD ./Drivers/STM32F1xx_HAL_Driver/Src/stm32f1xx_hal_gpio.o
LOAD ./Drivers/STM32F1xx_HAL_Driver/Src/stm32f1xx_hal_gpio_ex.o
LOAD ./Drivers/STM32F1xx_HAL_Driver/Src/stm32f1xx_hal_pcd.o
LOAD ./Drivers/STM32F1xx_HAL_Driver/Src/stm32f1xx_hal_pcd_ex.o
LOAD ./Drivers/STM32F1xx_HAL_Driver/Src/stm32f1xx_hal_pwr.o
LOAD ./Drivers/STM32F1xx_HAL_Driver/Src/stm32f1xx_hal_rcc.o
LOAD ./Drivers/STM32F1xx_HAL_Driver/Src/stm32f1xx_hal_rcc_ex.o
LOAD ./Drivers/STM32F1xx_HAL_Driver/Src/stm32f1xx_hal_tim.o
LOAD ./Drivers/STM32F1xx_HAL_Driver/Src/stm32f1xx_hal_tim_ex.o
LOAD ./Drivers/STM32F1xx_HAL_Driver/Src/stm32f1xx_hal_uart.o
LOAD ./Drivers/STM32F1xx_HAL_Driver/Src/stm32f1xx_ll_usb.o
LOAD ./Middlewares/ST/STM32_USB_Device_Library/Class/CDC/Src/usbd_cdc.o
LOAD ./Middlewares/ST/STM32_USB_Device_Library/Core/Src/usbd_core.o
LOAD ./Middlewares/ST/STM32_USB_Device_Library/Core/Src/usbd_ctlreq.o
LOAD ./Middlewares/ST/STM32_USB_Device_Library/Core/Src/usbd_ioreq.o
LOAD ./USB_DEVICE/App/usb_device.o
LOAD ./USB_DEVICE/App/usbd_cdc_if.o
LOAD ./USB_DEVICE/App/usbd_desc.o
LOAD ./USB_DEVICE/Target/usbd_conf.o
START GROUP
LOAD C:/ST/STM32CubeIDE_1.17.0/STM32CubeIDE/plugins/com.st.stm32cube.ide.mcu.externaltools.gnu-tools-for-stm32.13.3.rel1.win32_1.0.0.202411081344/tools/bin/../lib/gcc/arm-none-eabi/13.3.1/../../../../arm-none-eabi/lib/thumb/v7-m/nofp\libc_nano.a
LOAD C:/ST/STM32CubeIDE_1.17.0/STM32CubeIDE/plugins/com.st.stm32cube.ide.mcu.externaltools.gnu-tools-for-stm32.13.3.rel1.win32_1.0.0.202411081344/tools/bin/../lib/gcc/arm-none-eabi/13.3.1/../../../../arm-none-eabi/lib/thumb/v7-m/nofp\libm.a
END GROUP
START GROUP
LOAD C:/ST/STM32CubeIDE_1.17.0/STM32CubeIDE/plugins/com.st.stm32cube.ide.mcu.externaltools.gnu-tools-for-stm32.13.3.rel1.win32_1.0.0.202411081344/tools/bin/../lib/gcc/arm-none-eabi/13.3.1/thumb/v7-m/nofp\libgcc.a
LOAD C:/ST/STM32CubeIDE_1.17.0/STM32CubeIDE/plugins/com.st.stm32cube.ide.mcu.externaltools.gnu-tools-for-stm32.13.3.rel1.win32_1.0.0.202411081344/tools/bin/../lib/gcc/arm-none-eabi/13.3.1/../../../../arm-none-eabi/lib/thumb/v7-m/nofp\libc_nano.a
END GROUP
START GROUP
LOAD C:/ST/STM32CubeIDE_1.17.0/STM32CubeIDE/plugins/com.st.stm32cube.ide.mcu.externaltools.gnu-tools-for-stm32.13.3.rel1.win32_1.0.0.202411081344/tools/bin/../lib/gcc/arm-none-eabi/13.3.1/thumb/v7-m/nofp\libgcc.a
LOAD C:/ST/STM32CubeIDE_1.17.0/STM32CubeIDE/plugins/com.st.stm32cube.ide.mcu.externaltools.gnu-tools-for-stm32.13.3.rel1.win32_1.0.0.202411081344/tools/bin/../lib/gcc/arm-none-eabi/13.3.1/../../../../arm-none-eabi/lib/thumb/v7-m/nofp\libc_nano.a
LOAD C:/ST/STM32CubeIDE_1.17.0/STM32CubeIDE/plugins/com.st.stm32cube.ide.mcu.externaltools.gnu-tools-for-stm32.13.3.rel1.win32_1.0.0.202411081344/tools/bin/../lib/gcc/arm-none-eabi/13.3.1/../../../../arm-none-eabi/lib/thumb/v7-m/nofp\libnosys.a
END GROUP
START GROUP
LOAD C:/ST/STM32CubeIDE_1.17.0/STM32CubeIDE/plugins/com.st.stm32cube.ide.mcu.externaltools.gnu-tools-for-stm32.13.3.rel1.win32_1.0.0.202411081344/tools/bin/../lib/gcc/arm-none-eabi/13.3.1/thumb/v7-m/nofp\libgcc.a
LOAD C:/ST/STM32CubeIDE_1.17.0/STM32CubeIDE/plugins/com.st.stm32cube.ide.mcu.externaltools.gnu-tools-for-stm32.13.3.rel1.win32_1.0.0.202411081344/tools/bin/../lib/gcc/arm-none-eabi/13.3.1/../../../../arm-none-eabi/lib/thumb/v7-m/nofp\libc_nano.a
LOAD C:/ST/STM32CubeIDE_1.17.0/STM32CubeIDE/plugins/com.st.stm32cube.ide.mcu.externaltools.gnu-tools-for-stm32.13.3.rel1.win32_1.0.0.202411081344/tools/bin/../lib/gcc/arm-none-eabi/13.3.1/../../../../arm-none-eabi/lib/thumb/v7-m/nofp\libnosys.a
END GROUP
LOAD C:/ST/STM32CubeIDE_1.17.0/STM32CubeIDE/plugins/com.st.stm32cube.ide.mcu.externaltools.gnu-tools-for-stm32.13.3.rel1.win32_1.0.0.202411081344/tools/bin/../lib/gcc/arm-none-eabi/13.3.1/thumb/v7-m/nofp/crtend.o
LOAD C:/ST/STM32CubeIDE_1.17.0/STM32CubeIDE/plugins/com.st.stm32cube.ide.mcu.externaltools.gnu-tools-for-stm32.13.3.rel1.win32_1.0.0.202411081344/tools/bin/../lib/gcc/arm-none-eabi/13.3.1/thumb/v7-m/nofp/crtn.o
                0x20005000                        _estack = (ORIGIN (RAM) + LENGTH (RAM))
                0x00000200                        _Min_Heap_Size = 0x200
                0x00000400                        _Min_Stack_Size = 0x400

.isr_vector     0x08000000      0x10c
                0x08000000                        . = ALIGN (0x4)
 *(.isr_vector)
 .isr_vector    0x08000000      0x10c ./Core/Startup/startup_stm32f103c8tx.o
                0x08000000                g_pfnVectors
                0x0800010c                        . = ALIGN (0x4)

.text           0x0800010c     0xab64
                0x0800010c                        . = ALIGN (0x4)
 *(.text)
 .text          0x0800010c       0x40 C:/ST/STM32CubeIDE_1.17.0/STM32CubeIDE/plugins/com.st.stm32cube.ide.mcu.externaltools.gnu-tools-for-stm32.13.3.rel1.win32_1.0.0.202411081344/tools/bin/../lib/gcc/arm-none-eabi/13.3.1/thumb/v7-m/nofp/crtbegin.o
 .text          0x0800014c      0x21c C:/ST/STM32CubeIDE_1.17.0/STM32CubeIDE/plugins/com.st.stm32cube.ide.mcu.externaltools.gnu-tools-for-stm32.13.3.rel1.win32_1.0.0.202411081344/tools/bin/../lib/gcc/arm-none-eabi/13.3.1/thumb/v7-m/nofp\libgcc.a(_arm_addsubsf3.o)
                0x0800014c                __aeabi_frsub
                0x08000154                __subsf3
                0x08000154                __aeabi_fsub
                0x08000158                __aeabi_fadd
                0x08000158                __addsf3
                0x080002b8                __aeabi_ui2f
                0x080002b8                __floatunsisf
                0x080002c0                __aeabi_i2f
                0x080002c0                __floatsisf
                0x080002dc                __aeabi_ul2f
                0x080002dc                __floatundisf
                0x080002ec                __aeabi_l2f
                0x080002ec                __floatdisf
 .text          0x08000368      0x2a0 C:/ST/STM32CubeIDE_1.17.0/STM32CubeIDE/plugins/com.st.stm32cube.ide.mcu.externaltools.gnu-tools-for-stm32.13.3.rel1.win32_1.0.0.202411081344/tools/bin/../lib/gcc/arm-none-eabi/13.3.1/thumb/v7-m/nofp\libgcc.a(_arm_muldivsf3.o)
                0x08000368                __mulsf3
                0x08000368                __aeabi_fmul
                0x080004d0                __aeabi_fdiv
                0x080004d0                __divsf3
 .text          0x08000608       0x4c C:/ST/STM32CubeIDE_1.17.0/STM32CubeIDE/plugins/com.st.stm32cube.ide.mcu.externaltools.gnu-tools-for-stm32.13.3.rel1.win32_1.0.0.202411081344/tools/bin/../lib/gcc/arm-none-eabi/13.3.1/thumb/v7-m/nofp\libgcc.a(_arm_fixsfsi.o)
                0x08000608                __aeabi_f2iz
                0x08000608                __fixsfsi
 *(.text*)
 .text.HAL_TIM_PeriodElapsedCallback
                0x08000654      0x3c8 ./Core/Src/main.o
                0x08000654                HAL_TIM_PeriodElapsedCallback
 .text.HAL_UART_RxCpltCallback
                0x08000a1c       0x12 ./Core/Src/main.o
                0x08000a1c                HAL_UART_RxCpltCallback
 *fill*         0x08000a2e        0x2 
 .text.HAL_ADC_ConvCpltCallback
                0x08000a30       0x34 ./Core/Src/main.o
                0x08000a30                HAL_ADC_ConvCpltCallback
 .text.USB_CDC_RxHandler
                0x08000a64       0x38 ./Core/Src/main.o
                0x08000a64                USB_CDC_RxHandler
 .text.main     0x08000a9c       0xc0 ./Core/Src/main.o
                0x08000a9c                main
 .text.SystemClock_Config
                0x08000b5c       0xba ./Core/Src/main.o
                0x08000b5c                SystemClock_Config
 *fill*         0x08000c16        0x2 
 .text.MX_ADC1_Init
                0x08000c18       0x7c ./Core/Src/main.o
 .text.MX_TIM1_Init
                0x08000c94       0xa0 ./Core/Src/main.o
 .text.MX_TIM2_Init
                0x08000d34       0x98 ./Core/Src/main.o
 .text.MX_TIM3_Init
                0x08000dcc       0x9c ./Core/Src/main.o
 .text.MX_TIM4_Init
                0x08000e68       0x9c ./Core/Src/main.o
 .text.MX_USART1_UART_Init
                0x08000f04       0x5c ./Core/Src/main.o
 .text.MX_DMA_Init
                0x08000f60       0x4c ./Core/Src/main.o
 .text.MX_GPIO_Init
                0x08000fac       0xcc ./Core/Src/main.o
 .text.Error_Handler
                0x08001078        0xc ./Core/Src/main.o
                0x08001078                Error_Handler
 .text.HAL_MspInit
                0x08001084       0x64 ./Core/Src/stm32f1xx_hal_msp.o
                0x08001084                HAL_MspInit
 .text.HAL_ADC_MspInit
                0x080010e8       0x88 ./Core/Src/stm32f1xx_hal_msp.o
                0x080010e8                HAL_ADC_MspInit
 .text.HAL_TIM_Base_MspInit
                0x08001170       0xf0 ./Core/Src/stm32f1xx_hal_msp.o
                0x08001170                HAL_TIM_Base_MspInit
 .text.HAL_UART_MspInit
                0x08001260      0x154 ./Core/Src/stm32f1xx_hal_msp.o
                0x08001260                HAL_UART_MspInit
 .text.NMI_Handler
                0x080013b4        0x8 ./Core/Src/stm32f1xx_it.o
                0x080013b4                NMI_Handler
 .text.HardFault_Handler
                0x080013bc        0x8 ./Core/Src/stm32f1xx_it.o
                0x080013bc                HardFault_Handler
 .text.MemManage_Handler
                0x080013c4        0x8 ./Core/Src/stm32f1xx_it.o
                0x080013c4                MemManage_Handler
 .text.BusFault_Handler
                0x080013cc        0x8 ./Core/Src/stm32f1xx_it.o
                0x080013cc                BusFault_Handler
 .text.UsageFault_Handler
                0x080013d4        0x8 ./Core/Src/stm32f1xx_it.o
                0x080013d4                UsageFault_Handler
 .text.SVC_Handler
                0x080013dc        0xc ./Core/Src/stm32f1xx_it.o
                0x080013dc                SVC_Handler
 .text.DebugMon_Handler
                0x080013e8        0xc ./Core/Src/stm32f1xx_it.o
                0x080013e8                DebugMon_Handler
 .text.PendSV_Handler
                0x080013f4        0xc ./Core/Src/stm32f1xx_it.o
                0x080013f4                PendSV_Handler
 .text.SysTick_Handler
                0x08001400        0xc ./Core/Src/stm32f1xx_it.o
                0x08001400                SysTick_Handler
 .text.DMA1_Channel4_IRQHandler
                0x0800140c       0x14 ./Core/Src/stm32f1xx_it.o
                0x0800140c                DMA1_Channel4_IRQHandler
 .text.DMA1_Channel5_IRQHandler
                0x08001420       0x14 ./Core/Src/stm32f1xx_it.o
                0x08001420                DMA1_Channel5_IRQHandler
 .text.ADC1_2_IRQHandler
                0x08001434       0x14 ./Core/Src/stm32f1xx_it.o
                0x08001434                ADC1_2_IRQHandler
 .text.USB_LP_CAN1_RX0_IRQHandler
                0x08001448       0x14 ./Core/Src/stm32f1xx_it.o
                0x08001448                USB_LP_CAN1_RX0_IRQHandler
 .text.TIM1_UP_IRQHandler
                0x0800145c       0x14 ./Core/Src/stm32f1xx_it.o
                0x0800145c                TIM1_UP_IRQHandler
 .text.TIM2_IRQHandler
                0x08001470       0x14 ./Core/Src/stm32f1xx_it.o
                0x08001470                TIM2_IRQHandler
 .text.TIM3_IRQHandler
                0x08001484       0x14 ./Core/Src/stm32f1xx_it.o
                0x08001484                TIM3_IRQHandler
 .text.TIM4_IRQHandler
                0x08001498       0x14 ./Core/Src/stm32f1xx_it.o
                0x08001498                TIM4_IRQHandler
 .text.USART1_IRQHandler
                0x080014ac       0x14 ./Core/Src/stm32f1xx_it.o
                0x080014ac                USART1_IRQHandler
 .text.SystemInit
                0x080014c0        0xc ./Core/Src/system_stm32f1xx.o
                0x080014c0                SystemInit
 .text.Reset_Handler
                0x080014cc       0x48 ./Core/Startup/startup_stm32f103c8tx.o
                0x080014cc                Reset_Handler
 .text.Default_Handler
                0x08001514        0x2 ./Core/Startup/startup_stm32f103c8tx.o
                0x08001514                RTC_Alarm_IRQHandler
                0x08001514                EXTI2_IRQHandler
                0x08001514                TIM1_CC_IRQHandler
                0x08001514                PVD_IRQHandler
                0x08001514                EXTI3_IRQHandler
                0x08001514                EXTI0_IRQHandler
                0x08001514                I2C2_EV_IRQHandler
                0x08001514                SPI1_IRQHandler
                0x08001514                TAMPER_IRQHandler
                0x08001514                USART3_IRQHandler
                0x08001514                RTC_IRQHandler
                0x08001514                DMA1_Channel7_IRQHandler
                0x08001514                CAN1_RX1_IRQHandler
                0x08001514                I2C1_EV_IRQHandler
                0x08001514                DMA1_Channel6_IRQHandler
                0x08001514                RCC_IRQHandler
                0x08001514                TIM1_TRG_COM_IRQHandler
                0x08001514                DMA1_Channel1_IRQHandler
                0x08001514                Default_Handler
                0x08001514                EXTI15_10_IRQHandler
                0x08001514                EXTI9_5_IRQHandler
                0x08001514                SPI2_IRQHandler
                0x08001514                EXTI4_IRQHandler
                0x08001514                USB_HP_CAN1_TX_IRQHandler
                0x08001514                DMA1_Channel3_IRQHandler
                0x08001514                WWDG_IRQHandler
                0x08001514                TIM1_BRK_IRQHandler
                0x08001514                EXTI1_IRQHandler
                0x08001514                USART2_IRQHandler
                0x08001514                I2C2_ER_IRQHandler
                0x08001514                DMA1_Channel2_IRQHandler
                0x08001514                CAN1_SCE_IRQHandler
                0x08001514                FLASH_IRQHandler
                0x08001514                I2C1_ER_IRQHandler
                0x08001514                USBWakeUp_IRQHandler
 *fill*         0x08001516        0x2 
 .text.HAL_Init
                0x08001518       0x2c ./Drivers/STM32F1xx_HAL_Driver/Src/stm32f1xx_hal.o
                0x08001518                HAL_Init
 .text.HAL_InitTick
                0x08001544       0x60 ./Drivers/STM32F1xx_HAL_Driver/Src/stm32f1xx_hal.o
                0x08001544                HAL_InitTick
 .text.HAL_IncTick
                0x080015a4       0x24 ./Drivers/STM32F1xx_HAL_Driver/Src/stm32f1xx_hal.o
                0x080015a4                HAL_IncTick
 .text.HAL_GetTick
                0x080015c8       0x14 ./Drivers/STM32F1xx_HAL_Driver/Src/stm32f1xx_hal.o
                0x080015c8                HAL_GetTick
 .text.HAL_ADC_Init
                0x080015dc      0x1b0 ./Drivers/STM32F1xx_HAL_Driver/Src/stm32f1xx_hal_adc.o
                0x080015dc                HAL_ADC_Init
 .text.HAL_ADC_Start_IT
                0x0800178c      0x16c ./Drivers/STM32F1xx_HAL_Driver/Src/stm32f1xx_hal_adc.o
                0x0800178c                HAL_ADC_Start_IT
 .text.HAL_ADC_GetValue
                0x080018f8       0x18 ./Drivers/STM32F1xx_HAL_Driver/Src/stm32f1xx_hal_adc.o
                0x080018f8                HAL_ADC_GetValue
 .text.HAL_ADC_IRQHandler
                0x08001910      0x17e ./Drivers/STM32F1xx_HAL_Driver/Src/stm32f1xx_hal_adc.o
                0x08001910                HAL_ADC_IRQHandler
 .text.HAL_ADC_LevelOutOfWindowCallback
                0x08001a8e       0x12 ./Drivers/STM32F1xx_HAL_Driver/Src/stm32f1xx_hal_adc.o
                0x08001a8e                HAL_ADC_LevelOutOfWindowCallback
 .text.HAL_ADC_ConfigChannel
                0x08001aa0      0x1f0 ./Drivers/STM32F1xx_HAL_Driver/Src/stm32f1xx_hal_adc.o
                0x08001aa0                HAL_ADC_ConfigChannel
 .text.ADC_Enable
                0x08001c90       0xb4 ./Drivers/STM32F1xx_HAL_Driver/Src/stm32f1xx_hal_adc.o
                0x08001c90                ADC_Enable
 .text.ADC_ConversionStop_Disable
                0x08001d44       0x82 ./Drivers/STM32F1xx_HAL_Driver/Src/stm32f1xx_hal_adc.o
                0x08001d44                ADC_ConversionStop_Disable
 *fill*         0x08001dc6        0x2 
 .text.HAL_ADCEx_Calibration_Start
                0x08001dc8      0x15c ./Drivers/STM32F1xx_HAL_Driver/Src/stm32f1xx_hal_adc_ex.o
                0x08001dc8                HAL_ADCEx_Calibration_Start
 .text.HAL_ADCEx_InjectedConvCpltCallback
                0x08001f24       0x12 ./Drivers/STM32F1xx_HAL_Driver/Src/stm32f1xx_hal_adc_ex.o
                0x08001f24                HAL_ADCEx_InjectedConvCpltCallback
 *fill*         0x08001f36        0x2 
 .text.__NVIC_SetPriorityGrouping
                0x08001f38       0x48 ./Drivers/STM32F1xx_HAL_Driver/Src/stm32f1xx_hal_cortex.o
 .text.__NVIC_GetPriorityGrouping
                0x08001f80       0x1c ./Drivers/STM32F1xx_HAL_Driver/Src/stm32f1xx_hal_cortex.o
 .text.__NVIC_EnableIRQ
                0x08001f9c       0x38 ./Drivers/STM32F1xx_HAL_Driver/Src/stm32f1xx_hal_cortex.o
 .text.__NVIC_SetPriority
                0x08001fd4       0x54 ./Drivers/STM32F1xx_HAL_Driver/Src/stm32f1xx_hal_cortex.o
 .text.NVIC_EncodePriority
                0x08002028       0x64 ./Drivers/STM32F1xx_HAL_Driver/Src/stm32f1xx_hal_cortex.o
 .text.SysTick_Config
                0x0800208c       0x44 ./Drivers/STM32F1xx_HAL_Driver/Src/stm32f1xx_hal_cortex.o
 .text.HAL_NVIC_SetPriorityGrouping
                0x080020d0       0x16 ./Drivers/STM32F1xx_HAL_Driver/Src/stm32f1xx_hal_cortex.o
                0x080020d0                HAL_NVIC_SetPriorityGrouping
 .text.HAL_NVIC_SetPriority
                0x080020e6       0x38 ./Drivers/STM32F1xx_HAL_Driver/Src/stm32f1xx_hal_cortex.o
                0x080020e6                HAL_NVIC_SetPriority
 .text.HAL_NVIC_EnableIRQ
                0x0800211e       0x1c ./Drivers/STM32F1xx_HAL_Driver/Src/stm32f1xx_hal_cortex.o
                0x0800211e                HAL_NVIC_EnableIRQ
 .text.HAL_SYSTICK_Config
                0x0800213a       0x18 ./Drivers/STM32F1xx_HAL_Driver/Src/stm32f1xx_hal_cortex.o
                0x0800213a                HAL_SYSTICK_Config
 *fill*         0x08002152        0x2 
 .text.HAL_DMA_Init
                0x08002154       0xb4 ./Drivers/STM32F1xx_HAL_Driver/Src/stm32f1xx_hal_dma.o
                0x08002154                HAL_DMA_Init
 .text.HAL_DMA_Start_IT
                0x08002208       0xc0 ./Drivers/STM32F1xx_HAL_Driver/Src/stm32f1xx_hal_dma.o
                0x08002208                HAL_DMA_Start_IT
 .text.HAL_DMA_Abort
                0x080022c8       0x76 ./Drivers/STM32F1xx_HAL_Driver/Src/stm32f1xx_hal_dma.o
                0x080022c8                HAL_DMA_Abort
 *fill*         0x0800233e        0x2 
 .text.HAL_DMA_Abort_IT
                0x08002340       0xf0 ./Drivers/STM32F1xx_HAL_Driver/Src/stm32f1xx_hal_dma.o
                0x08002340                HAL_DMA_Abort_IT
 .text.HAL_DMA_IRQHandler
                0x08002430      0x20c ./Drivers/STM32F1xx_HAL_Driver/Src/stm32f1xx_hal_dma.o
                0x08002430                HAL_DMA_IRQHandler
 .text.DMA_SetConfig
                0x0800263c       0x5a ./Drivers/STM32F1xx_HAL_Driver/Src/stm32f1xx_hal_dma.o
 *fill*         0x08002696        0x2 
 .text.HAL_GPIO_Init
                0x08002698      0x308 ./Drivers/STM32F1xx_HAL_Driver/Src/stm32f1xx_hal_gpio.o
                0x08002698                HAL_GPIO_Init
 .text.HAL_GPIO_ReadPin
                0x080029a0       0x2e ./Drivers/STM32F1xx_HAL_Driver/Src/stm32f1xx_hal_gpio.o
                0x080029a0                HAL_GPIO_ReadPin
 .text.HAL_GPIO_WritePin
                0x080029ce       0x30 ./Drivers/STM32F1xx_HAL_Driver/Src/stm32f1xx_hal_gpio.o
                0x080029ce                HAL_GPIO_WritePin
 .text.HAL_GPIO_TogglePin
                0x080029fe       0x32 ./Drivers/STM32F1xx_HAL_Driver/Src/stm32f1xx_hal_gpio.o
                0x080029fe                HAL_GPIO_TogglePin
 .text.HAL_PCD_Init
                0x08002a30      0x1ec ./Drivers/STM32F1xx_HAL_Driver/Src/stm32f1xx_hal_pcd.o
                0x08002a30                HAL_PCD_Init
 .text.HAL_PCD_Start
                0x08002c1c       0x4c ./Drivers/STM32F1xx_HAL_Driver/Src/stm32f1xx_hal_pcd.o
                0x08002c1c                HAL_PCD_Start
 .text.HAL_PCD_IRQHandler
                0x08002c68      0x260 ./Drivers/STM32F1xx_HAL_Driver/Src/stm32f1xx_hal_pcd.o
                0x08002c68                HAL_PCD_IRQHandler
 .text.HAL_PCD_SetAddress
                0x08002ec8       0x48 ./Drivers/STM32F1xx_HAL_Driver/Src/stm32f1xx_hal_pcd.o
                0x08002ec8                HAL_PCD_SetAddress
 .text.HAL_PCD_EP_Open
                0x08002f10       0xba ./Drivers/STM32F1xx_HAL_Driver/Src/stm32f1xx_hal_pcd.o
                0x08002f10                HAL_PCD_EP_Open
 .text.HAL_PCD_EP_Close
                0x08002fca       0x90 ./Drivers/STM32F1xx_HAL_Driver/Src/stm32f1xx_hal_pcd.o
                0x08002fca                HAL_PCD_EP_Close
 .text.HAL_PCD_EP_Receive
                0x0800305a       0x62 ./Drivers/STM32F1xx_HAL_Driver/Src/stm32f1xx_hal_pcd.o
                0x0800305a                HAL_PCD_EP_Receive
 .text.HAL_PCD_EP_GetRxCount
                0x080030bc       0x2e ./Drivers/STM32F1xx_HAL_Driver/Src/stm32f1xx_hal_pcd.o
                0x080030bc                HAL_PCD_EP_GetRxCount
 .text.HAL_PCD_EP_Transmit
                0x080030ea       0x6e ./Drivers/STM32F1xx_HAL_Driver/Src/stm32f1xx_hal_pcd.o
                0x080030ea                HAL_PCD_EP_Transmit
 .text.HAL_PCD_EP_SetStall
                0x08003158       0xc0 ./Drivers/STM32F1xx_HAL_Driver/Src/stm32f1xx_hal_pcd.o
                0x08003158                HAL_PCD_EP_SetStall
 .text.HAL_PCD_EP_ClrStall
                0x08003218       0xa8 ./Drivers/STM32F1xx_HAL_Driver/Src/stm32f1xx_hal_pcd.o
                0x08003218                HAL_PCD_EP_ClrStall
 .text.PCD_EP_ISR_Handler
                0x080032c0      0x79e ./Drivers/STM32F1xx_HAL_Driver/Src/stm32f1xx_hal_pcd.o
 .text.HAL_PCD_EP_DB_Receive
                0x08003a5e      0x21a ./Drivers/STM32F1xx_HAL_Driver/Src/stm32f1xx_hal_pcd.o
 .text.HAL_PCD_EP_DB_Transmit
                0x08003c78      0x7f4 ./Drivers/STM32F1xx_HAL_Driver/Src/stm32f1xx_hal_pcd.o
 .text.HAL_PCDEx_PMAConfig
                0x0800446c       0x84 ./Drivers/STM32F1xx_HAL_Driver/Src/stm32f1xx_hal_pcd_ex.o
                0x0800446c                HAL_PCDEx_PMAConfig
 .text.HAL_RCC_OscConfig
                0x080044f0      0x504 ./Drivers/STM32F1xx_HAL_Driver/Src/stm32f1xx_hal_rcc.o
                0x080044f0                HAL_RCC_OscConfig
 .text.HAL_RCC_ClockConfig
                0x080049f4      0x1d4 ./Drivers/STM32F1xx_HAL_Driver/Src/stm32f1xx_hal_rcc.o
                0x080049f4                HAL_RCC_ClockConfig
 .text.HAL_RCC_GetSysClockFreq
                0x08004bc8       0xa8 ./Drivers/STM32F1xx_HAL_Driver/Src/stm32f1xx_hal_rcc.o
                0x08004bc8                HAL_RCC_GetSysClockFreq
 .text.HAL_RCC_GetHCLKFreq
                0x08004c70       0x14 ./Drivers/STM32F1xx_HAL_Driver/Src/stm32f1xx_hal_rcc.o
                0x08004c70                HAL_RCC_GetHCLKFreq
 .text.HAL_RCC_GetPCLK1Freq
                0x08004c84       0x28 ./Drivers/STM32F1xx_HAL_Driver/Src/stm32f1xx_hal_rcc.o
                0x08004c84                HAL_RCC_GetPCLK1Freq
 .text.HAL_RCC_GetPCLK2Freq
                0x08004cac       0x28 ./Drivers/STM32F1xx_HAL_Driver/Src/stm32f1xx_hal_rcc.o
                0x08004cac                HAL_RCC_GetPCLK2Freq
 .text.RCC_Delay
                0x08004cd4       0x3c ./Drivers/STM32F1xx_HAL_Driver/Src/stm32f1xx_hal_rcc.o
 .text.HAL_RCCEx_PeriphCLKConfig
                0x08004d10      0x16c ./Drivers/STM32F1xx_HAL_Driver/Src/stm32f1xx_hal_rcc_ex.o
                0x08004d10                HAL_RCCEx_PeriphCLKConfig
 .text.HAL_RCCEx_GetPeriphCLKFreq
                0x08004e7c      0x16c ./Drivers/STM32F1xx_HAL_Driver/Src/stm32f1xx_hal_rcc_ex.o
                0x08004e7c                HAL_RCCEx_GetPeriphCLKFreq
 .text.HAL_TIM_Base_Init
                0x08004fe8       0x9e ./Drivers/STM32F1xx_HAL_Driver/Src/stm32f1xx_hal_tim.o
                0x08004fe8                HAL_TIM_Base_Init
 *fill*         0x08005086        0x2 
 .text.HAL_TIM_Base_Start_IT
                0x08005088       0xa4 ./Drivers/STM32F1xx_HAL_Driver/Src/stm32f1xx_hal_tim.o
                0x08005088                HAL_TIM_Base_Start_IT
 .text.HAL_TIM_IRQHandler
                0x0800512c      0x1e0 ./Drivers/STM32F1xx_HAL_Driver/Src/stm32f1xx_hal_tim.o
                0x0800512c                HAL_TIM_IRQHandler
 .text.HAL_TIM_ConfigClockSource
                0x0800530c      0x18e ./Drivers/STM32F1xx_HAL_Driver/Src/stm32f1xx_hal_tim.o
                0x0800530c                HAL_TIM_ConfigClockSource
 .text.HAL_TIM_OC_DelayElapsedCallback
                0x0800549a       0x12 ./Drivers/STM32F1xx_HAL_Driver/Src/stm32f1xx_hal_tim.o
                0x0800549a                HAL_TIM_OC_DelayElapsedCallback
 .text.HAL_TIM_IC_CaptureCallback
                0x080054ac       0x12 ./Drivers/STM32F1xx_HAL_Driver/Src/stm32f1xx_hal_tim.o
                0x080054ac                HAL_TIM_IC_CaptureCallback
 .text.HAL_TIM_PWM_PulseFinishedCallback
                0x080054be       0x12 ./Drivers/STM32F1xx_HAL_Driver/Src/stm32f1xx_hal_tim.o
                0x080054be                HAL_TIM_PWM_PulseFinishedCallback
 .text.HAL_TIM_TriggerCallback
                0x080054d0       0x12 ./Drivers/STM32F1xx_HAL_Driver/Src/stm32f1xx_hal_tim.o
                0x080054d0                HAL_TIM_TriggerCallback
 *fill*         0x080054e2        0x2 
 .text.TIM_Base_SetConfig
                0x080054e4       0xdc ./Drivers/STM32F1xx_HAL_Driver/Src/stm32f1xx_hal_tim.o
                0x080054e4                TIM_Base_SetConfig
 .text.TIM_TI1_ConfigInputStage
                0x080055c0       0x5c ./Drivers/STM32F1xx_HAL_Driver/Src/stm32f1xx_hal_tim.o
 .text.TIM_TI2_ConfigInputStage
                0x0800561c       0x5e ./Drivers/STM32F1xx_HAL_Driver/Src/stm32f1xx_hal_tim.o
 .text.TIM_ITRx_SetConfig
                0x0800567a       0x34 ./Drivers/STM32F1xx_HAL_Driver/Src/stm32f1xx_hal_tim.o
 .text.TIM_ETR_SetConfig
                0x080056ae       0x3e ./Drivers/STM32F1xx_HAL_Driver/Src/stm32f1xx_hal_tim.o
                0x080056ae                TIM_ETR_SetConfig
 .text.HAL_TIMEx_MasterConfigSynchronization
                0x080056ec       0xbc ./Drivers/STM32F1xx_HAL_Driver/Src/stm32f1xx_hal_tim_ex.o
                0x080056ec                HAL_TIMEx_MasterConfigSynchronization
 .text.HAL_TIMEx_CommutCallback
                0x080057a8       0x12 ./Drivers/STM32F1xx_HAL_Driver/Src/stm32f1xx_hal_tim_ex.o
                0x080057a8                HAL_TIMEx_CommutCallback
 .text.HAL_TIMEx_BreakCallback
                0x080057ba       0x12 ./Drivers/STM32F1xx_HAL_Driver/Src/stm32f1xx_hal_tim_ex.o
                0x080057ba                HAL_TIMEx_BreakCallback
 .text.HAL_UART_Init
                0x080057cc       0xa0 ./Drivers/STM32F1xx_HAL_Driver/Src/stm32f1xx_hal_uart.o
                0x080057cc                HAL_UART_Init
 .text.HAL_UART_Transmit_DMA
                0x0800586c       0xe0 ./Drivers/STM32F1xx_HAL_Driver/Src/stm32f1xx_hal_uart.o
                0x0800586c                HAL_UART_Transmit_DMA
 .text.HAL_UART_IRQHandler
                0x0800594c      0x524 ./Drivers/STM32F1xx_HAL_Driver/Src/stm32f1xx_hal_uart.o
                0x0800594c                HAL_UART_IRQHandler
 .text.HAL_UART_TxCpltCallback
                0x08005e70       0x12 ./Drivers/STM32F1xx_HAL_Driver/Src/stm32f1xx_hal_uart.o
                0x08005e70                HAL_UART_TxCpltCallback
 .text.HAL_UART_TxHalfCpltCallback
                0x08005e82       0x12 ./Drivers/STM32F1xx_HAL_Driver/Src/stm32f1xx_hal_uart.o
                0x08005e82                HAL_UART_TxHalfCpltCallback
 .text.HAL_UART_ErrorCallback
                0x08005e94       0x12 ./Drivers/STM32F1xx_HAL_Driver/Src/stm32f1xx_hal_uart.o
                0x08005e94                HAL_UART_ErrorCallback
 .text.HAL_UARTEx_RxEventCallback
                0x08005ea6       0x16 ./Drivers/STM32F1xx_HAL_Driver/Src/stm32f1xx_hal_uart.o
                0x08005ea6                HAL_UARTEx_RxEventCallback
 .text.UART_DMATransmitCplt
                0x08005ebc       0x9a ./Drivers/STM32F1xx_HAL_Driver/Src/stm32f1xx_hal_uart.o
 .text.UART_DMATxHalfCplt
                0x08005f56       0x1c ./Drivers/STM32F1xx_HAL_Driver/Src/stm32f1xx_hal_uart.o
 .text.UART_DMAError
                0x08005f72       0x94 ./Drivers/STM32F1xx_HAL_Driver/Src/stm32f1xx_hal_uart.o
 .text.UART_EndTxTransfer
                0x08006006       0x4e ./Drivers/STM32F1xx_HAL_Driver/Src/stm32f1xx_hal_uart.o
 .text.UART_EndRxTransfer
                0x08006054       0xc4 ./Drivers/STM32F1xx_HAL_Driver/Src/stm32f1xx_hal_uart.o
 .text.UART_DMAAbortOnError
                0x08006118       0x28 ./Drivers/STM32F1xx_HAL_Driver/Src/stm32f1xx_hal_uart.o
 .text.UART_Transmit_IT
                0x08006140       0x9e ./Drivers/STM32F1xx_HAL_Driver/Src/stm32f1xx_hal_uart.o
 .text.UART_EndTransmit_IT
                0x080061de       0x30 ./Drivers/STM32F1xx_HAL_Driver/Src/stm32f1xx_hal_uart.o
 .text.UART_Receive_IT
                0x0800620e      0x17c ./Drivers/STM32F1xx_HAL_Driver/Src/stm32f1xx_hal_uart.o
 *fill*         0x0800638a        0x2 
 .text.UART_SetConfig
                0x0800638c      0x11c ./Drivers/STM32F1xx_HAL_Driver/Src/stm32f1xx_hal_uart.o
 .text.USB_CoreInit
                0x080064a8       0x1a ./Drivers/STM32F1xx_HAL_Driver/Src/stm32f1xx_ll_usb.o
                0x080064a8                USB_CoreInit
 .text.USB_EnableGlobalInt
                0x080064c2       0x2c ./Drivers/STM32F1xx_HAL_Driver/Src/stm32f1xx_ll_usb.o
                0x080064c2                USB_EnableGlobalInt
 .text.USB_DisableGlobalInt
                0x080064ee       0x34 ./Drivers/STM32F1xx_HAL_Driver/Src/stm32f1xx_ll_usb.o
                0x080064ee                USB_DisableGlobalInt
 .text.USB_SetCurrentMode
                0x08006522       0x18 ./Drivers/STM32F1xx_HAL_Driver/Src/stm32f1xx_ll_usb.o
                0x08006522                USB_SetCurrentMode
 .text.USB_DevInit
                0x0800653a       0x3a ./Drivers/STM32F1xx_HAL_Driver/Src/stm32f1xx_ll_usb.o
                0x0800653a                USB_DevInit
 .text.USB_ActivateEndpoint
                0x08006574      0x780 ./Drivers/STM32F1xx_HAL_Driver/Src/stm32f1xx_ll_usb.o
                0x08006574                USB_ActivateEndpoint
 .text.USB_DeactivateEndpoint
                0x08006cf4      0x3d8 ./Drivers/STM32F1xx_HAL_Driver/Src/stm32f1xx_ll_usb.o
                0x08006cf4                USB_DeactivateEndpoint
 .text.USB_EPStartXfer
                0x080070cc     0x1762 ./Drivers/STM32F1xx_HAL_Driver/Src/stm32f1xx_ll_usb.o
                0x080070cc                USB_EPStartXfer
 .text.USB_EPSetStall
                0x0800882e       0xa0 ./Drivers/STM32F1xx_HAL_Driver/Src/stm32f1xx_ll_usb.o
                0x0800882e                USB_EPSetStall
 .text.USB_EPClearStall
                0x080088ce      0x15a ./Drivers/STM32F1xx_HAL_Driver/Src/stm32f1xx_ll_usb.o
                0x080088ce                USB_EPClearStall
 .text.USB_SetDevAddress
                0x08008a28       0x26 ./Drivers/STM32F1xx_HAL_Driver/Src/stm32f1xx_ll_usb.o
                0x08008a28                USB_SetDevAddress
 .text.USB_DevConnect
                0x08008a4e       0x14 ./Drivers/STM32F1xx_HAL_Driver/Src/stm32f1xx_ll_usb.o
                0x08008a4e                USB_DevConnect
 .text.USB_DevDisconnect
                0x08008a62       0x14 ./Drivers/STM32F1xx_HAL_Driver/Src/stm32f1xx_ll_usb.o
                0x08008a62                USB_DevDisconnect
 .text.USB_ReadInterrupts
                0x08008a76       0x1e ./Drivers/STM32F1xx_HAL_Driver/Src/stm32f1xx_ll_usb.o
                0x08008a76                USB_ReadInterrupts
 .text.USB_EP0_OutStart
                0x08008a94       0x16 ./Drivers/STM32F1xx_HAL_Driver/Src/stm32f1xx_ll_usb.o
                0x08008a94                USB_EP0_OutStart
 .text.USB_WritePMA
                0x08008aaa       0x8c ./Drivers/STM32F1xx_HAL_Driver/Src/stm32f1xx_ll_usb.o
                0x08008aaa                USB_WritePMA
 .text.USB_ReadPMA
                0x08008b36       0x9e ./Drivers/STM32F1xx_HAL_Driver/Src/stm32f1xx_ll_usb.o
                0x08008b36                USB_ReadPMA
 .text.USBD_CDC_Init
                0x08008bd4       0xf4 ./Middlewares/ST/STM32_USB_Device_Library/Class/CDC/Src/usbd_cdc.o
 .text.USBD_CDC_DeInit
                0x08008cc8       0x6e ./Middlewares/ST/STM32_USB_Device_Library/Class/CDC/Src/usbd_cdc.o
 .text.USBD_CDC_Setup
                0x08008d36      0x146 ./Middlewares/ST/STM32_USB_Device_Library/Class/CDC/Src/usbd_cdc.o
 .text.USBD_CDC_DataIn
                0x08008e7c       0xa6 ./Middlewares/ST/STM32_USB_Device_Library/Class/CDC/Src/usbd_cdc.o
 .text.USBD_CDC_DataOut
                0x08008f22       0x56 ./Middlewares/ST/STM32_USB_Device_Library/Class/CDC/Src/usbd_cdc.o
 .text.USBD_CDC_EP0_RxReady
                0x08008f78       0x4e ./Middlewares/ST/STM32_USB_Device_Library/Class/CDC/Src/usbd_cdc.o
 *fill*         0x08008fc6        0x2 
 .text.USBD_CDC_GetFSCfgDesc
                0x08008fc8       0x20 ./Middlewares/ST/STM32_USB_Device_Library/Class/CDC/Src/usbd_cdc.o
 .text.USBD_CDC_GetHSCfgDesc
                0x08008fe8       0x20 ./Middlewares/ST/STM32_USB_Device_Library/Class/CDC/Src/usbd_cdc.o
 .text.USBD_CDC_GetOtherSpeedCfgDesc
                0x08009008       0x20 ./Middlewares/ST/STM32_USB_Device_Library/Class/CDC/Src/usbd_cdc.o
 .text.USBD_CDC_GetDeviceQualifierDescriptor
                0x08009028       0x20 ./Middlewares/ST/STM32_USB_Device_Library/Class/CDC/Src/usbd_cdc.o
                0x08009028                USBD_CDC_GetDeviceQualifierDescriptor
 .text.USBD_CDC_RegisterInterface
                0x08009048       0x2c ./Middlewares/ST/STM32_USB_Device_Library/Class/CDC/Src/usbd_cdc.o
                0x08009048                USBD_CDC_RegisterInterface
 .text.USBD_CDC_SetTxBuffer
                0x08009074       0x32 ./Middlewares/ST/STM32_USB_Device_Library/Class/CDC/Src/usbd_cdc.o
                0x08009074                USBD_CDC_SetTxBuffer
 .text.USBD_CDC_SetRxBuffer
                0x080090a6       0x26 ./Middlewares/ST/STM32_USB_Device_Library/Class/CDC/Src/usbd_cdc.o
                0x080090a6                USBD_CDC_SetRxBuffer
 .text.USBD_CDC_TransmitPacket
                0x080090cc       0x5e ./Middlewares/ST/STM32_USB_Device_Library/Class/CDC/Src/usbd_cdc.o
                0x080090cc                USBD_CDC_TransmitPacket
 .text.USBD_CDC_ReceivePacket
                0x0800912a       0x54 ./Middlewares/ST/STM32_USB_Device_Library/Class/CDC/Src/usbd_cdc.o
                0x0800912a                USBD_CDC_ReceivePacket
 .text.USBD_Init
                0x0800917e       0x56 ./Middlewares/ST/STM32_USB_Device_Library/Core/Src/usbd_core.o
                0x0800917e                USBD_Init
 .text.USBD_RegisterClass
                0x080091d4       0x32 ./Middlewares/ST/STM32_USB_Device_Library/Core/Src/usbd_core.o
                0x080091d4                USBD_RegisterClass
 .text.USBD_Start
                0x08009206       0x18 ./Middlewares/ST/STM32_USB_Device_Library/Core/Src/usbd_core.o
                0x08009206                USBD_Start
 .text.USBD_RunTestMode
                0x0800921e       0x14 ./Middlewares/ST/STM32_USB_Device_Library/Core/Src/usbd_core.o
                0x0800921e                USBD_RunTestMode
 .text.USBD_SetClassConfig
                0x08009232       0x3e ./Middlewares/ST/STM32_USB_Device_Library/Core/Src/usbd_core.o
                0x08009232                USBD_SetClassConfig
 .text.USBD_ClrClassConfig
                0x08009270       0x26 ./Middlewares/ST/STM32_USB_Device_Library/Core/Src/usbd_core.o
                0x08009270                USBD_ClrClassConfig
 .text.USBD_LL_SetupStage
                0x08009296       0x9a ./Middlewares/ST/STM32_USB_Device_Library/Core/Src/usbd_core.o
                0x08009296                USBD_LL_SetupStage
 .text.USBD_LL_DataOutStage
                0x08009330       0xe2 ./Middlewares/ST/STM32_USB_Device_Library/Core/Src/usbd_core.o
                0x08009330                USBD_LL_DataOutStage
 .text.USBD_LL_DataInStage
                0x08009412      0x14a ./Middlewares/ST/STM32_USB_Device_Library/Core/Src/usbd_core.o
                0x08009412                USBD_LL_DataInStage
 .text.USBD_LL_Reset
                0x0800955c       0x82 ./Middlewares/ST/STM32_USB_Device_Library/Core/Src/usbd_core.o
                0x0800955c                USBD_LL_Reset
 .text.USBD_LL_SetSpeed
                0x080095de       0x1e ./Middlewares/ST/STM32_USB_Device_Library/Core/Src/usbd_core.o
                0x080095de                USBD_LL_SetSpeed
 .text.USBD_LL_Suspend
                0x080095fc       0x28 ./Middlewares/ST/STM32_USB_Device_Library/Core/Src/usbd_core.o
                0x080095fc                USBD_LL_Suspend
 .text.USBD_LL_Resume
                0x08009624       0x2a ./Middlewares/ST/STM32_USB_Device_Library/Core/Src/usbd_core.o
                0x08009624                USBD_LL_Resume
 .text.USBD_LL_SOF
                0x0800964e       0x34 ./Middlewares/ST/STM32_USB_Device_Library/Core/Src/usbd_core.o
                0x0800964e                USBD_LL_SOF
 *fill*         0x08009682        0x2 
 .text.USBD_StdDevReq
                0x08009684       0xd4 ./Middlewares/ST/STM32_USB_Device_Library/Core/Src/usbd_ctlreq.o
                0x08009684                USBD_StdDevReq
 .text.USBD_StdItfReq
                0x08009758       0x90 ./Middlewares/ST/STM32_USB_Device_Library/Core/Src/usbd_ctlreq.o
                0x08009758                USBD_StdItfReq
 .text.USBD_StdEPReq
                0x080097e8      0x2c6 ./Middlewares/ST/STM32_USB_Device_Library/Core/Src/usbd_ctlreq.o
                0x080097e8                USBD_StdEPReq
 *fill*         0x08009aae        0x2 
 .text.USBD_GetDescriptor
                0x08009ab0      0x2d0 ./Middlewares/ST/STM32_USB_Device_Library/Core/Src/usbd_ctlreq.o
 .text.USBD_SetAddress
                0x08009d80       0x86 ./Middlewares/ST/STM32_USB_Device_Library/Core/Src/usbd_ctlreq.o
 *fill*         0x08009e06        0x2 
 .text.USBD_SetConfig
                0x08009e08      0x11c ./Middlewares/ST/STM32_USB_Device_Library/Core/Src/usbd_ctlreq.o
 .text.USBD_GetConfig
                0x08009f24       0x6a ./Middlewares/ST/STM32_USB_Device_Library/Core/Src/usbd_ctlreq.o
 .text.USBD_GetStatus
                0x08009f8e       0x66 ./Middlewares/ST/STM32_USB_Device_Library/Core/Src/usbd_ctlreq.o
 .text.USBD_SetFeature
                0x08009ff4       0x28 ./Middlewares/ST/STM32_USB_Device_Library/Core/Src/usbd_ctlreq.o
 .text.USBD_ClrFeature
                0x0800a01c       0x42 ./Middlewares/ST/STM32_USB_Device_Library/Core/Src/usbd_ctlreq.o
 .text.USBD_ParseSetupRequest
                0x0800a05e       0x72 ./Middlewares/ST/STM32_USB_Device_Library/Core/Src/usbd_ctlreq.o
                0x0800a05e                USBD_ParseSetupRequest
 .text.USBD_CtlError
                0x0800a0d0       0x22 ./Middlewares/ST/STM32_USB_Device_Library/Core/Src/usbd_ctlreq.o
                0x0800a0d0                USBD_CtlError
 .text.USBD_GetString
                0x0800a0f2       0x84 ./Middlewares/ST/STM32_USB_Device_Library/Core/Src/usbd_ctlreq.o
                0x0800a0f2                USBD_GetString
 .text.USBD_GetLen
                0x0800a176       0x2e ./Middlewares/ST/STM32_USB_Device_Library/Core/Src/usbd_ctlreq.o
 .text.USBD_CtlSendData
                0x0800a1a4       0x38 ./Middlewares/ST/STM32_USB_Device_Library/Core/Src/usbd_ioreq.o
                0x0800a1a4                USBD_CtlSendData
 .text.USBD_CtlContinueSendData
                0x0800a1dc       0x24 ./Middlewares/ST/STM32_USB_Device_Library/Core/Src/usbd_ioreq.o
                0x0800a1dc                USBD_CtlContinueSendData
 .text.USBD_CtlPrepareRx
                0x0800a200       0x3c ./Middlewares/ST/STM32_USB_Device_Library/Core/Src/usbd_ioreq.o
                0x0800a200                USBD_CtlPrepareRx
 .text.USBD_CtlContinueRx
                0x0800a23c       0x24 ./Middlewares/ST/STM32_USB_Device_Library/Core/Src/usbd_ioreq.o
                0x0800a23c                USBD_CtlContinueRx
 .text.USBD_CtlSendStatus
                0x0800a260       0x26 ./Middlewares/ST/STM32_USB_Device_Library/Core/Src/usbd_ioreq.o
                0x0800a260                USBD_CtlSendStatus
 .text.USBD_CtlReceiveStatus
                0x0800a286       0x26 ./Middlewares/ST/STM32_USB_Device_Library/Core/Src/usbd_ioreq.o
                0x0800a286                USBD_CtlReceiveStatus
 .text.MX_USB_DEVICE_Init
                0x0800a2ac       0x60 ./USB_DEVICE/App/usb_device.o
                0x0800a2ac                MX_USB_DEVICE_Init
 .text.CDC_Init_FS
                0x0800a30c       0x28 ./USB_DEVICE/App/usbd_cdc_if.o
 .text.CDC_DeInit_FS
                0x0800a334        0xe ./USB_DEVICE/App/usbd_cdc_if.o
 *fill*         0x0800a342        0x2 
 .text.CDC_Control_FS
                0x0800a344       0xbc ./USB_DEVICE/App/usbd_cdc_if.o
 .text.CDC_Receive_FS
                0x0800a400       0x44 ./USB_DEVICE/App/usbd_cdc_if.o
 .text.CDC_Transmit_FS
                0x0800a444       0x4c ./USB_DEVICE/App/usbd_cdc_if.o
                0x0800a444                CDC_Transmit_FS
 .text.USBD_FS_DeviceDescriptor
                0x0800a490       0x24 ./USB_DEVICE/App/usbd_desc.o
                0x0800a490                USBD_FS_DeviceDescriptor
 .text.USBD_FS_LangIDStrDescriptor
                0x0800a4b4       0x24 ./USB_DEVICE/App/usbd_desc.o
                0x0800a4b4                USBD_FS_LangIDStrDescriptor
 .text.USBD_FS_ProductStrDescriptor
                0x0800a4d8       0x3c ./USB_DEVICE/App/usbd_desc.o
                0x0800a4d8                USBD_FS_ProductStrDescriptor
 .text.USBD_FS_ManufacturerStrDescriptor
                0x0800a514       0x28 ./USB_DEVICE/App/usbd_desc.o
                0x0800a514                USBD_FS_ManufacturerStrDescriptor
 .text.USBD_FS_SerialStrDescriptor
                0x0800a53c       0x24 ./USB_DEVICE/App/usbd_desc.o
                0x0800a53c                USBD_FS_SerialStrDescriptor
 .text.USBD_FS_ConfigStrDescriptor
                0x0800a560       0x3c ./USB_DEVICE/App/usbd_desc.o
                0x0800a560                USBD_FS_ConfigStrDescriptor
 .text.USBD_FS_InterfaceStrDescriptor
                0x0800a59c       0x3c ./USB_DEVICE/App/usbd_desc.o
                0x0800a59c                USBD_FS_InterfaceStrDescriptor
 .text.Get_SerialNum
                0x0800a5d8       0x58 ./USB_DEVICE/App/usbd_desc.o
 .text.IntToUnicode
                0x0800a630       0x7c ./USB_DEVICE/App/usbd_desc.o
 .text.HAL_PCD_MspInit
                0x0800a6ac       0x4c ./USB_DEVICE/Target/usbd_conf.o
                0x0800a6ac                HAL_PCD_MspInit
 .text.HAL_PCD_SetupStageCallback
                0x0800a6f8       0x24 ./USB_DEVICE/Target/usbd_conf.o
                0x0800a6f8                HAL_PCD_SetupStageCallback
 .text.HAL_PCD_DataOutStageCallback
                0x0800a71c       0x36 ./USB_DEVICE/Target/usbd_conf.o
                0x0800a71c                HAL_PCD_DataOutStageCallback
 .text.HAL_PCD_DataInStageCallback
                0x0800a752       0x34 ./USB_DEVICE/Target/usbd_conf.o
                0x0800a752                HAL_PCD_DataInStageCallback
 .text.HAL_PCD_SOFCallback
                0x0800a786       0x1c ./USB_DEVICE/Target/usbd_conf.o
                0x0800a786                HAL_PCD_SOFCallback
 .text.HAL_PCD_ResetCallback
                0x0800a7a2       0x3c ./USB_DEVICE/Target/usbd_conf.o
                0x0800a7a2                HAL_PCD_ResetCallback
 *fill*         0x0800a7de        0x2 
 .text.HAL_PCD_SuspendCallback
                0x0800a7e0       0x34 ./USB_DEVICE/Target/usbd_conf.o
                0x0800a7e0                HAL_PCD_SuspendCallback
 .text.HAL_PCD_ResumeCallback
                0x0800a814       0x1c ./USB_DEVICE/Target/usbd_conf.o
                0x0800a814                HAL_PCD_ResumeCallback
 .text.USBD_LL_Init
                0x0800a830       0xb4 ./USB_DEVICE/Target/usbd_conf.o
                0x0800a830                USBD_LL_Init
 .text.USBD_LL_Start
                0x0800a8e4       0x36 ./USB_DEVICE/Target/usbd_conf.o
                0x0800a8e4                USBD_LL_Start
 .text.USBD_LL_OpenEP
                0x0800a91a       0x4c ./USB_DEVICE/Target/usbd_conf.o
                0x0800a91a                USBD_LL_OpenEP
 .text.USBD_LL_CloseEP
                0x0800a966       0x3e ./USB_DEVICE/Target/usbd_conf.o
                0x0800a966                USBD_LL_CloseEP
 .text.USBD_LL_StallEP
                0x0800a9a4       0x3e ./USB_DEVICE/Target/usbd_conf.o
                0x0800a9a4                USBD_LL_StallEP
 .text.USBD_LL_ClearStallEP
                0x0800a9e2       0x3e ./USB_DEVICE/Target/usbd_conf.o
                0x0800a9e2                USBD_LL_ClearStallEP
 .text.USBD_LL_IsStallEP
                0x0800aa20       0x56 ./USB_DEVICE/Target/usbd_conf.o
                0x0800aa20                USBD_LL_IsStallEP
 .text.USBD_LL_SetUSBAddress
                0x0800aa76       0x3e ./USB_DEVICE/Target/usbd_conf.o
                0x0800aa76                USBD_LL_SetUSBAddress
 .text.USBD_LL_Transmit
                0x0800aab4       0x46 ./USB_DEVICE/Target/usbd_conf.o
                0x0800aab4                USBD_LL_Transmit
 .text.USBD_LL_PrepareReceive
                0x0800aafa       0x46 ./USB_DEVICE/Target/usbd_conf.o
                0x0800aafa                USBD_LL_PrepareReceive
 .text.USBD_LL_GetRxDataSize
                0x0800ab40       0x26 ./USB_DEVICE/Target/usbd_conf.o
                0x0800ab40                USBD_LL_GetRxDataSize
 *fill*         0x0800ab66        0x2 
 .text.USBD_static_malloc
                0x0800ab68       0x18 ./USB_DEVICE/Target/usbd_conf.o
                0x0800ab68                USBD_static_malloc
 .text.USBD_static_free
                0x0800ab80       0x12 ./USB_DEVICE/Target/usbd_conf.o
                0x0800ab80                USBD_static_free
 .text.HAL_PCDEx_SetConnectionState
                0x0800ab92       0x16 ./USB_DEVICE/Target/usbd_conf.o
                0x0800ab92                HAL_PCDEx_SetConnectionState
 .text.USBD_Get_USB_Status
                0x0800aba8       0x58 ./USB_DEVICE/Target/usbd_conf.o
 .text.memset   0x0800ac00       0x10 C:/ST/STM32CubeIDE_1.17.0/STM32CubeIDE/plugins/com.st.stm32cube.ide.mcu.externaltools.gnu-tools-for-stm32.13.3.rel1.win32_1.0.0.202411081344/tools/bin/../lib/gcc/arm-none-eabi/13.3.1/../../../../arm-none-eabi/lib/thumb/v7-m/nofp\libc_nano.a(libc_a-memset.o)
                0x0800ac00                memset
 .text.__libc_init_array
                0x0800ac10       0x48 C:/ST/STM32CubeIDE_1.17.0/STM32CubeIDE/plugins/com.st.stm32cube.ide.mcu.externaltools.gnu-tools-for-stm32.13.3.rel1.win32_1.0.0.202411081344/tools/bin/../lib/gcc/arm-none-eabi/13.3.1/../../../../arm-none-eabi/lib/thumb/v7-m/nofp\libc_nano.a(libc_a-init.o)
                0x0800ac10                __libc_init_array
 *(.glue_7)
 .glue_7        0x0800ac58        0x0 linker stubs
 *(.glue_7t)
 .glue_7t       0x0800ac58        0x0 linker stubs
 *(.eh_frame)
 .eh_frame      0x0800ac58        0x0 C:/ST/STM32CubeIDE_1.17.0/STM32CubeIDE/plugins/com.st.stm32cube.ide.mcu.externaltools.gnu-tools-for-stm32.13.3.rel1.win32_1.0.0.202411081344/tools/bin/../lib/gcc/arm-none-eabi/13.3.1/thumb/v7-m/nofp/crtbegin.o
 *(.init)
 .init          0x0800ac58        0x4 C:/ST/STM32CubeIDE_1.17.0/STM32CubeIDE/plugins/com.st.stm32cube.ide.mcu.externaltools.gnu-tools-for-stm32.13.3.rel1.win32_1.0.0.202411081344/tools/bin/../lib/gcc/arm-none-eabi/13.3.1/thumb/v7-m/nofp/crti.o
                0x0800ac58                _init
 .init          0x0800ac5c        0x8 C:/ST/STM32CubeIDE_1.17.0/STM32CubeIDE/plugins/com.st.stm32cube.ide.mcu.externaltools.gnu-tools-for-stm32.13.3.rel1.win32_1.0.0.202411081344/tools/bin/../lib/gcc/arm-none-eabi/13.3.1/thumb/v7-m/nofp/crtn.o
 *(.fini)
 .fini          0x0800ac64        0x4 C:/ST/STM32CubeIDE_1.17.0/STM32CubeIDE/plugins/com.st.stm32cube.ide.mcu.externaltools.gnu-tools-for-stm32.13.3.rel1.win32_1.0.0.202411081344/tools/bin/../lib/gcc/arm-none-eabi/13.3.1/thumb/v7-m/nofp/crti.o
                0x0800ac64                _fini
 .fini          0x0800ac68        0x8 C:/ST/STM32CubeIDE_1.17.0/STM32CubeIDE/plugins/com.st.stm32cube.ide.mcu.externaltools.gnu-tools-for-stm32.13.3.rel1.win32_1.0.0.202411081344/tools/bin/../lib/gcc/arm-none-eabi/13.3.1/thumb/v7-m/nofp/crtn.o
                0x0800ac70                        . = ALIGN (0x4)
                0x0800ac70                        _etext = .

.vfp11_veneer   0x0800ac70        0x0
 .vfp11_veneer  0x0800ac70        0x0 linker stubs

.v4_bx          0x0800ac70        0x0
 .v4_bx         0x0800ac70        0x0 linker stubs

.iplt           0x0800ac70        0x0
 .iplt          0x0800ac70        0x0 C:/ST/STM32CubeIDE_1.17.0/STM32CubeIDE/plugins/com.st.stm32cube.ide.mcu.externaltools.gnu-tools-for-stm32.13.3.rel1.win32_1.0.0.202411081344/tools/bin/../lib/gcc/arm-none-eabi/13.3.1/thumb/v7-m/nofp/crtbegin.o

.rodata         0x0800ac70       0x88
                0x0800ac70                        . = ALIGN (0x4)
 *(.rodata)
 .rodata        0x0800ac70       0x46 ./USB_DEVICE/App/usbd_desc.o
 *(.rodata*)
 *fill*         0x0800acb6        0x2 
 .rodata.AHBPrescTable
                0x0800acb8       0x10 ./Core/Src/system_stm32f1xx.o
                0x0800acb8                AHBPrescTable
 .rodata.APBPrescTable
                0x0800acc8        0x8 ./Core/Src/system_stm32f1xx.o
                0x0800acc8                APBPrescTable
 .rodata.aPLLMULFactorTable.1
                0x0800acd0       0x10 ./Drivers/STM32F1xx_HAL_Driver/Src/stm32f1xx_hal_rcc.o
 .rodata.aPredivFactorTable.0
                0x0800ace0        0x2 ./Drivers/STM32F1xx_HAL_Driver/Src/stm32f1xx_hal_rcc.o
 *fill*         0x0800ace2        0x2 
 .rodata.aPLLMULFactorTable.1
                0x0800ace4       0x10 ./Drivers/STM32F1xx_HAL_Driver/Src/stm32f1xx_hal_rcc_ex.o
 .rodata.aPredivFactorTable.0
                0x0800acf4        0x2 ./Drivers/STM32F1xx_HAL_Driver/Src/stm32f1xx_hal_rcc_ex.o
                0x0800acf8                        . = ALIGN (0x4)
 *fill*         0x0800acf6        0x2 

.ARM.extab      0x0800acf8        0x0
                0x0800acf8                        . = ALIGN (0x4)
 *(.ARM.extab* .gnu.linkonce.armextab.*)
                0x0800acf8                        . = ALIGN (0x4)

.ARM            0x0800acf8        0x0
                0x0800acf8                        . = ALIGN (0x4)
                0x0800acf8                        __exidx_start = .
 *(.ARM.exidx*)
                0x0800acf8                        __exidx_end = .
                0x0800acf8                        . = ALIGN (0x4)

.preinit_array  0x0800acf8        0x0
                0x0800acf8                        . = ALIGN (0x4)
                0x0800acf8                        PROVIDE (__preinit_array_start = .)
 *(.preinit_array*)
                0x0800acf8                        PROVIDE (__preinit_array_end = .)
                0x0800acf8                        . = ALIGN (0x4)

.init_array     0x0800acf8        0x4
                0x0800acf8                        . = ALIGN (0x4)
                0x0800acf8                        PROVIDE (__init_array_start = .)
 *(SORT_BY_NAME(.init_array.*))
 *(.init_array*)
 .init_array    0x0800acf8        0x4 C:/ST/STM32CubeIDE_1.17.0/STM32CubeIDE/plugins/com.st.stm32cube.ide.mcu.externaltools.gnu-tools-for-stm32.13.3.rel1.win32_1.0.0.202411081344/tools/bin/../lib/gcc/arm-none-eabi/13.3.1/thumb/v7-m/nofp/crtbegin.o
                0x0800acfc                        PROVIDE (__init_array_end = .)
                0x0800acfc                        . = ALIGN (0x4)

.fini_array     0x0800acfc        0x4
                0x0800acfc                        . = ALIGN (0x4)
                [!provide]                        PROVIDE (__fini_array_start = .)
 *(SORT_BY_NAME(.fini_array.*))
 *(.fini_array*)
 .fini_array    0x0800acfc        0x4 C:/ST/STM32CubeIDE_1.17.0/STM32CubeIDE/plugins/com.st.stm32cube.ide.mcu.externaltools.gnu-tools-for-stm32.13.3.rel1.win32_1.0.0.202411081344/tools/bin/../lib/gcc/arm-none-eabi/13.3.1/thumb/v7-m/nofp/crtbegin.o
                [!provide]                        PROVIDE (__fini_array_end = .)
                0x0800ad00                        . = ALIGN (0x4)
                0x0800ad00                        _sidata = LOADADDR (.data)

.rel.dyn        0x0800ad00        0x0
 .rel.iplt      0x0800ad00        0x0 C:/ST/STM32CubeIDE_1.17.0/STM32CubeIDE/plugins/com.st.stm32cube.ide.mcu.externaltools.gnu-tools-for-stm32.13.3.rel1.win32_1.0.0.202411081344/tools/bin/../lib/gcc/arm-none-eabi/13.3.1/thumb/v7-m/nofp/crtbegin.o

.data           0x20000000      0x1a0 load address 0x0800ad00
                0x20000000                        . = ALIGN (0x4)
                0x20000000                        _sdata = .
 *(.data)
 *(.data*)
 .data.sbus_out
                0x20000000       0x19 ./Core/Src/main.o
                0x20000000                sbus_out
 *fill*         0x20000019        0x3 
 .data.arm      0x2000001c        0x4 ./Core/Src/main.o
                0x2000001c                arm
 .data.thr      0x20000020        0x4 ./Core/Src/main.o
                0x20000020                thr
 .data.SystemCoreClock
                0x20000024        0x4 ./Core/Src/system_stm32f1xx.o
                0x20000024                SystemCoreClock
 .data.uwTickPrio
                0x20000028        0x4 ./Drivers/STM32F1xx_HAL_Driver/Src/stm32f1xx_hal.o
                0x20000028                uwTickPrio
 .data.uwTickFreq
                0x2000002c        0x1 ./Drivers/STM32F1xx_HAL_Driver/Src/stm32f1xx_hal.o
                0x2000002c                uwTickFreq
 *fill*         0x2000002d        0x3 
 .data.USBD_CDC_DeviceQualifierDesc
                0x20000030        0xa ./Middlewares/ST/STM32_USB_Device_Library/Class/CDC/Src/usbd_cdc.o
 *fill*         0x2000003a        0x2 
 .data.USBD_CDC
                0x2000003c       0x38 ./Middlewares/ST/STM32_USB_Device_Library/Class/CDC/Src/usbd_cdc.o
                0x2000003c                USBD_CDC
 .data.USBD_CDC_CfgHSDesc
                0x20000074       0x43 ./Middlewares/ST/STM32_USB_Device_Library/Class/CDC/Src/usbd_cdc.o
                0x20000074                USBD_CDC_CfgHSDesc
 *fill*         0x200000b7        0x1 
 .data.USBD_CDC_CfgFSDesc
                0x200000b8       0x43 ./Middlewares/ST/STM32_USB_Device_Library/Class/CDC/Src/usbd_cdc.o
                0x200000b8                USBD_CDC_CfgFSDesc
 *fill*         0x200000fb        0x1 
 .data.USBD_CDC_OtherSpeedCfgDesc
                0x200000fc       0x43 ./Middlewares/ST/STM32_USB_Device_Library/Class/CDC/Src/usbd_cdc.o
                0x200000fc                USBD_CDC_OtherSpeedCfgDesc
 *fill*         0x2000013f        0x1 
 .data.USBD_Interface_fops_FS
                0x20000140       0x10 ./USB_DEVICE/App/usbd_cdc_if.o
                0x20000140                USBD_Interface_fops_FS
 .data.FS_Desc  0x20000150       0x1c ./USB_DEVICE/App/usbd_desc.o
                0x20000150                FS_Desc
 .data.USBD_FS_DeviceDesc
                0x2000016c       0x12 ./USB_DEVICE/App/usbd_desc.o
                0x2000016c                USBD_FS_DeviceDesc
 *fill*         0x2000017e        0x2 
 .data.USBD_LangIDDesc
                0x20000180        0x4 ./USB_DEVICE/App/usbd_desc.o
                0x20000180                USBD_LangIDDesc
 .data.USBD_StringSerial
                0x20000184       0x1a ./USB_DEVICE/App/usbd_desc.o
                0x20000184                USBD_StringSerial
 *(.RamFunc)
 *(.RamFunc*)
                0x200001a0                        . = ALIGN (0x4)
 *fill*         0x2000019e        0x2 
                0x200001a0                        _edata = .

.igot.plt       0x200001a0        0x0 load address 0x0800aea0
 .igot.plt      0x200001a0        0x0 C:/ST/STM32CubeIDE_1.17.0/STM32CubeIDE/plugins/com.st.stm32cube.ide.mcu.externaltools.gnu-tools-for-stm32.13.3.rel1.win32_1.0.0.202411081344/tools/bin/../lib/gcc/arm-none-eabi/13.3.1/thumb/v7-m/nofp/crtbegin.o
                0x200001a0                        . = ALIGN (0x4)

.bss            0x200001a0     0x1434 load address 0x0800aea0
                0x200001a0                        _sbss = .
                0x200001a0                        __bss_start__ = _sbss
 *(.bss)
 .bss           0x200001a0       0x1c C:/ST/STM32CubeIDE_1.17.0/STM32CubeIDE/plugins/com.st.stm32cube.ide.mcu.externaltools.gnu-tools-for-stm32.13.3.rel1.win32_1.0.0.202411081344/tools/bin/../lib/gcc/arm-none-eabi/13.3.1/thumb/v7-m/nofp/crtbegin.o
 *(.bss*)
 .bss.hadc1     0x200001bc       0x30 ./Core/Src/main.o
                0x200001bc                hadc1
 .bss.htim1     0x200001ec       0x48 ./Core/Src/main.o
                0x200001ec                htim1
 .bss.htim2     0x20000234       0x48 ./Core/Src/main.o
                0x20000234                htim2
 .bss.htim3     0x2000027c       0x48 ./Core/Src/main.o
                0x2000027c                htim3
 .bss.htim4     0x200002c4       0x48 ./Core/Src/main.o
                0x200002c4                htim4
 .bss.huart1    0x2000030c       0x48 ./Core/Src/main.o
                0x2000030c                huart1
 .bss.hdma_usart1_tx
                0x20000354       0x44 ./Core/Src/main.o
                0x20000354                hdma_usart1_tx
 .bss.hdma_usart1_rx
                0x20000398       0x44 ./Core/Src/main.o
                0x20000398                hdma_usart1_rx
 .bss.ch        0x200003dc       0x32 ./Core/Src/main.o
                0x200003dc                ch
 .bss.adc       0x2000040e        0x2 ./Core/Src/main.o
                0x2000040e                adc
 .bss.uwTick    0x20000410        0x4 ./Drivers/STM32F1xx_HAL_Driver/Src/stm32f1xx_hal.o
                0x20000410                uwTick
 .bss.cfgidx.0  0x20000414        0x1 ./Middlewares/ST/STM32_USB_Device_Library/Core/Src/usbd_ctlreq.o
 *fill*         0x20000415        0x3 
 .bss.hUsbDeviceFS
                0x20000418      0x2c4 ./USB_DEVICE/App/usb_device.o
                0x20000418                hUsbDeviceFS
 .bss.UserRxBufferFS
                0x200006dc      0x400 ./USB_DEVICE/App/usbd_cdc_if.o
                0x200006dc                UserRxBufferFS
 .bss.UserTxBufferFS
                0x20000adc      0x400 ./USB_DEVICE/App/usbd_cdc_if.o
                0x20000adc                UserTxBufferFS
 .bss.USBD_StrDesc
                0x20000edc      0x200 ./USB_DEVICE/App/usbd_desc.o
                0x20000edc                USBD_StrDesc
 .bss.hpcd_USB_FS
                0x200010dc      0x2d8 ./USB_DEVICE/Target/usbd_conf.o
                0x200010dc                hpcd_USB_FS
 .bss.mem.0     0x200013b4      0x220 ./USB_DEVICE/Target/usbd_conf.o
 *(COMMON)
                0x200015d4                        . = ALIGN (0x4)
                0x200015d4                        _ebss = .
                0x200015d4                        __bss_end__ = _ebss

._user_heap_stack
                0x200015d4      0x604 load address 0x0800aea0
                0x200015d8                        . = ALIGN (0x8)
 *fill*         0x200015d4        0x4 
                [!provide]                        PROVIDE (end = .)
                0x200015d8                        PROVIDE (_end = .)
                0x200017d8                        . = (. + _Min_Heap_Size)
 *fill*         0x200015d8      0x200 
                0x20001bd8                        . = (. + _Min_Stack_Size)
 *fill*         0x200017d8      0x400 
                0x20001bd8                        . = ALIGN (0x8)

/DISCARD/
 libc.a(*)
 libm.a(*)
 libgcc.a(*)

.ARM.attributes
                0x00000000       0x29
 *(.ARM.attributes)
 .ARM.attributes
                0x00000000       0x1d C:/ST/STM32CubeIDE_1.17.0/STM32CubeIDE/plugins/com.st.stm32cube.ide.mcu.externaltools.gnu-tools-for-stm32.13.3.rel1.win32_1.0.0.202411081344/tools/bin/../lib/gcc/arm-none-eabi/13.3.1/thumb/v7-m/nofp/crti.o
 .ARM.attributes
                0x0000001d       0x2d C:/ST/STM32CubeIDE_1.17.0/STM32CubeIDE/plugins/com.st.stm32cube.ide.mcu.externaltools.gnu-tools-for-stm32.13.3.rel1.win32_1.0.0.202411081344/tools/bin/../lib/gcc/arm-none-eabi/13.3.1/thumb/v7-m/nofp/crtbegin.o
 .ARM.attributes
                0x0000004a       0x2d ./Core/Src/main.o
 .ARM.attributes
                0x00000077       0x2d ./Core/Src/stm32f1xx_hal_msp.o
 .ARM.attributes
                0x000000a4       0x2d ./Core/Src/stm32f1xx_it.o
 .ARM.attributes
                0x000000d1       0x2d ./Core/Src/system_stm32f1xx.o
 .ARM.attributes
                0x000000fe       0x21 ./Core/Startup/startup_stm32f103c8tx.o
 .ARM.attributes
                0x0000011f       0x2d ./Drivers/STM32F1xx_HAL_Driver/Src/stm32f1xx_hal.o
 .ARM.attributes
                0x0000014c       0x2d ./Drivers/STM32F1xx_HAL_Driver/Src/stm32f1xx_hal_adc.o
 .ARM.attributes
                0x00000179       0x2d ./Drivers/STM32F1xx_HAL_Driver/Src/stm32f1xx_hal_adc_ex.o
 .ARM.attributes
                0x000001a6       0x2d ./Drivers/STM32F1xx_HAL_Driver/Src/stm32f1xx_hal_cortex.o
 .ARM.attributes
                0x000001d3       0x2d ./Drivers/STM32F1xx_HAL_Driver/Src/stm32f1xx_hal_dma.o
 .ARM.attributes
                0x00000200       0x2d ./Drivers/STM32F1xx_HAL_Driver/Src/stm32f1xx_hal_gpio.o
 .ARM.attributes
                0x0000022d       0x2d ./Drivers/STM32F1xx_HAL_Driver/Src/stm32f1xx_hal_pcd.o
 .ARM.attributes
                0x0000025a       0x2d ./Drivers/STM32F1xx_HAL_Driver/Src/stm32f1xx_hal_pcd_ex.o
 .ARM.attributes
                0x00000287       0x2d ./Drivers/STM32F1xx_HAL_Driver/Src/stm32f1xx_hal_rcc.o
 .ARM.attributes
                0x000002b4       0x2d ./Drivers/STM32F1xx_HAL_Driver/Src/stm32f1xx_hal_rcc_ex.o
 .ARM.attributes
                0x000002e1       0x2d ./Drivers/STM32F1xx_HAL_Driver/Src/stm32f1xx_hal_tim.o
 .ARM.attributes
                0x0000030e       0x2d ./Drivers/STM32F1xx_HAL_Driver/Src/stm32f1xx_hal_tim_ex.o
 .ARM.attributes
                0x0000033b       0x2d ./Drivers/STM32F1xx_HAL_Driver/Src/stm32f1xx_hal_uart.o
 .ARM.attributes
                0x00000368       0x2d ./Drivers/STM32F1xx_HAL_Driver/Src/stm32f1xx_ll_usb.o
 .ARM.attributes
                0x00000395       0x2d ./Middlewares/ST/STM32_USB_Device_Library/Class/CDC/Src/usbd_cdc.o
 .ARM.attributes
                0x000003c2       0x2d ./Middlewares/ST/STM32_USB_Device_Library/Core/Src/usbd_core.o
 .ARM.attributes
                0x000003ef       0x2d ./Middlewares/ST/STM32_USB_Device_Library/Core/Src/usbd_ctlreq.o
 .ARM.attributes
                0x0000041c       0x2d ./Middlewares/ST/STM32_USB_Device_Library/Core/Src/usbd_ioreq.o
 .ARM.attributes
                0x00000449       0x2d ./USB_DEVICE/App/usb_device.o
 .ARM.attributes
                0x00000476       0x2d ./USB_DEVICE/App/usbd_cdc_if.o
 .ARM.attributes
                0x000004a3       0x2d ./USB_DEVICE/App/usbd_desc.o
 .ARM.attributes
                0x000004d0       0x2d ./USB_DEVICE/Target/usbd_conf.o
 .ARM.attributes
                0x000004fd       0x2d C:/ST/STM32CubeIDE_1.17.0/STM32CubeIDE/plugins/com.st.stm32cube.ide.mcu.externaltools.gnu-tools-for-stm32.13.3.rel1.win32_1.0.0.202411081344/tools/bin/../lib/gcc/arm-none-eabi/13.3.1/../../../../arm-none-eabi/lib/thumb/v7-m/nofp\libc_nano.a(libc_a-memset.o)
 .ARM.attributes
                0x0000052a       0x2d C:/ST/STM32CubeIDE_1.17.0/STM32CubeIDE/plugins/com.st.stm32cube.ide.mcu.externaltools.gnu-tools-for-stm32.13.3.rel1.win32_1.0.0.202411081344/tools/bin/../lib/gcc/arm-none-eabi/13.3.1/../../../../arm-none-eabi/lib/thumb/v7-m/nofp\libc_nano.a(libc_a-init.o)
 .ARM.attributes
                0x00000557       0x1d C:/ST/STM32CubeIDE_1.17.0/STM32CubeIDE/plugins/com.st.stm32cube.ide.mcu.externaltools.gnu-tools-for-stm32.13.3.rel1.win32_1.0.0.202411081344/tools/bin/../lib/gcc/arm-none-eabi/13.3.1/thumb/v7-m/nofp\libgcc.a(_arm_addsubsf3.o)
 .ARM.attributes
                0x00000574       0x1d C:/ST/STM32CubeIDE_1.17.0/STM32CubeIDE/plugins/com.st.stm32cube.ide.mcu.externaltools.gnu-tools-for-stm32.13.3.rel1.win32_1.0.0.202411081344/tools/bin/../lib/gcc/arm-none-eabi/13.3.1/thumb/v7-m/nofp\libgcc.a(_arm_muldivsf3.o)
 .ARM.attributes
                0x00000591       0x1d C:/ST/STM32CubeIDE_1.17.0/STM32CubeIDE/plugins/com.st.stm32cube.ide.mcu.externaltools.gnu-tools-for-stm32.13.3.rel1.win32_1.0.0.202411081344/tools/bin/../lib/gcc/arm-none-eabi/13.3.1/thumb/v7-m/nofp\libgcc.a(_arm_fixsfsi.o)
 .ARM.attributes
                0x000005ae       0x1d C:/ST/STM32CubeIDE_1.17.0/STM32CubeIDE/plugins/com.st.stm32cube.ide.mcu.externaltools.gnu-tools-for-stm32.13.3.rel1.win32_1.0.0.202411081344/tools/bin/../lib/gcc/arm-none-eabi/13.3.1/thumb/v7-m/nofp/crtn.o
OUTPUT(remote_emulator.elf elf32-littlearm)
LOAD linker stubs
LOAD C:/ST/STM32CubeIDE_1.17.0/STM32CubeIDE/plugins/com.st.stm32cube.ide.mcu.externaltools.gnu-tools-for-stm32.13.3.rel1.win32_1.0.0.202411081344/tools/bin/../lib/gcc/arm-none-eabi/13.3.1/../../../../arm-none-eabi/lib/thumb/v7-m/nofp\libc.a
LOAD C:/ST/STM32CubeIDE_1.17.0/STM32CubeIDE/plugins/com.st.stm32cube.ide.mcu.externaltools.gnu-tools-for-stm32.13.3.rel1.win32_1.0.0.202411081344/tools/bin/../lib/gcc/arm-none-eabi/13.3.1/../../../../arm-none-eabi/lib/thumb/v7-m/nofp\libm.a
LOAD C:/ST/STM32CubeIDE_1.17.0/STM32CubeIDE/plugins/com.st.stm32cube.ide.mcu.externaltools.gnu-tools-for-stm32.13.3.rel1.win32_1.0.0.202411081344/tools/bin/../lib/gcc/arm-none-eabi/13.3.1/thumb/v7-m/nofp\libgcc.a

.debug_info     0x00000000    0x171c5
 .debug_info    0x00000000     0x1656 ./Core/Src/main.o
 .debug_info    0x00001656     0x10a4 ./Core/Src/stm32f1xx_hal_msp.o
 .debug_info    0x000026fa     0x10db ./Core/Src/stm32f1xx_it.o
 .debug_info    0x000037d5      0x222 ./Core/Src/system_stm32f1xx.o
 .debug_info    0x000039f7       0x30 ./Core/Startup/startup_stm32f103c8tx.o
 .debug_info    0x00003a27      0x704 ./Drivers/STM32F1xx_HAL_Driver/Src/stm32f1xx_hal.o
 .debug_info    0x0000412b      0xc50 ./Drivers/STM32F1xx_HAL_Driver/Src/stm32f1xx_hal_adc.o
 .debug_info    0x00004d7b      0xa10 ./Drivers/STM32F1xx_HAL_Driver/Src/stm32f1xx_hal_adc_ex.o
 .debug_info    0x0000578b      0xa87 ./Drivers/STM32F1xx_HAL_Driver/Src/stm32f1xx_hal_cortex.o
 .debug_info    0x00006212      0x6d2 ./Drivers/STM32F1xx_HAL_Driver/Src/stm32f1xx_hal_dma.o
 .debug_info    0x000068e4      0x5ab ./Drivers/STM32F1xx_HAL_Driver/Src/stm32f1xx_hal_gpio.o
 .debug_info    0x00006e8f     0x16dc ./Drivers/STM32F1xx_HAL_Driver/Src/stm32f1xx_hal_pcd.o
 .debug_info    0x0000856b      0x6c3 ./Drivers/STM32F1xx_HAL_Driver/Src/stm32f1xx_hal_pcd_ex.o
 .debug_info    0x00008c2e      0x7d5 ./Drivers/STM32F1xx_HAL_Driver/Src/stm32f1xx_hal_rcc.o
 .debug_info    0x00009403      0x3c0 ./Drivers/STM32F1xx_HAL_Driver/Src/stm32f1xx_hal_rcc_ex.o
 .debug_info    0x000097c3     0x2959 ./Drivers/STM32F1xx_HAL_Driver/Src/stm32f1xx_hal_tim.o
 .debug_info    0x0000c11c     0x149b ./Drivers/STM32F1xx_HAL_Driver/Src/stm32f1xx_hal_tim_ex.o
 .debug_info    0x0000d5b7     0x2eed ./Drivers/STM32F1xx_HAL_Driver/Src/stm32f1xx_hal_uart.o
 .debug_info    0x000104a4     0x17ae ./Drivers/STM32F1xx_HAL_Driver/Src/stm32f1xx_ll_usb.o
 .debug_info    0x00011c52     0x1043 ./Middlewares/ST/STM32_USB_Device_Library/Class/CDC/Src/usbd_cdc.o
 .debug_info    0x00012c95      0xa52 ./Middlewares/ST/STM32_USB_Device_Library/Core/Src/usbd_core.o
 .debug_info    0x000136e7      0x91c ./Middlewares/ST/STM32_USB_Device_Library/Core/Src/usbd_ctlreq.o
 .debug_info    0x00014003      0x6a0 ./Middlewares/ST/STM32_USB_Device_Library/Core/Src/usbd_ioreq.o
 .debug_info    0x000146a3      0x63d ./USB_DEVICE/App/usb_device.o
 .debug_info    0x00014ce0      0x837 ./USB_DEVICE/App/usbd_cdc_if.o
 .debug_info    0x00015517      0x44a ./USB_DEVICE/App/usbd_desc.o
 .debug_info    0x00015961     0x1864 ./USB_DEVICE/Target/usbd_conf.o

.debug_abbrev   0x00000000     0x3aa0
 .debug_abbrev  0x00000000      0x326 ./Core/Src/main.o
 .debug_abbrev  0x00000326      0x25f ./Core/Src/stm32f1xx_hal_msp.o
 .debug_abbrev  0x00000585      0x1e7 ./Core/Src/stm32f1xx_it.o
 .debug_abbrev  0x0000076c      0x13f ./Core/Src/system_stm32f1xx.o
 .debug_abbrev  0x000008ab       0x24 ./Core/Startup/startup_stm32f103c8tx.o
 .debug_abbrev  0x000008cf      0x201 ./Drivers/STM32F1xx_HAL_Driver/Src/stm32f1xx_hal.o
 .debug_abbrev  0x00000ad0      0x225 ./Drivers/STM32F1xx_HAL_Driver/Src/stm32f1xx_hal_adc.o
 .debug_abbrev  0x00000cf5      0x249 ./Drivers/STM32F1xx_HAL_Driver/Src/stm32f1xx_hal_adc_ex.o
 .debug_abbrev  0x00000f3e      0x2f8 ./Drivers/STM32F1xx_HAL_Driver/Src/stm32f1xx_hal_cortex.o
 .debug_abbrev  0x00001236      0x20b ./Drivers/STM32F1xx_HAL_Driver/Src/stm32f1xx_hal_dma.o
 .debug_abbrev  0x00001441      0x1ca ./Drivers/STM32F1xx_HAL_Driver/Src/stm32f1xx_hal_gpio.o
 .debug_abbrev  0x0000160b      0x2d6 ./Drivers/STM32F1xx_HAL_Driver/Src/stm32f1xx_hal_pcd.o
 .debug_abbrev  0x000018e1      0x189 ./Drivers/STM32F1xx_HAL_Driver/Src/stm32f1xx_hal_pcd_ex.o
 .debug_abbrev  0x00001a6a      0x2b3 ./Drivers/STM32F1xx_HAL_Driver/Src/stm32f1xx_hal_rcc.o
 .debug_abbrev  0x00001d1d      0x188 ./Drivers/STM32F1xx_HAL_Driver/Src/stm32f1xx_hal_rcc_ex.o
 .debug_abbrev  0x00001ea5      0x277 ./Drivers/STM32F1xx_HAL_Driver/Src/stm32f1xx_hal_tim.o
 .debug_abbrev  0x0000211c      0x282 ./Drivers/STM32F1xx_HAL_Driver/Src/stm32f1xx_hal_tim_ex.o
 .debug_abbrev  0x0000239e      0x2f8 ./Drivers/STM32F1xx_HAL_Driver/Src/stm32f1xx_hal_uart.o
 .debug_abbrev  0x00002696      0x1de ./Drivers/STM32F1xx_HAL_Driver/Src/stm32f1xx_ll_usb.o
 .debug_abbrev  0x00002874      0x2d3 ./Middlewares/ST/STM32_USB_Device_Library/Class/CDC/Src/usbd_cdc.o
 .debug_abbrev  0x00002b47      0x24a ./Middlewares/ST/STM32_USB_Device_Library/Core/Src/usbd_core.o
 .debug_abbrev  0x00002d91      0x26b ./Middlewares/ST/STM32_USB_Device_Library/Core/Src/usbd_ctlreq.o
 .debug_abbrev  0x00002ffc      0x192 ./Middlewares/ST/STM32_USB_Device_Library/Core/Src/usbd_ioreq.o
 .debug_abbrev  0x0000318e      0x18d ./USB_DEVICE/App/usb_device.o
 .debug_abbrev  0x0000331b      0x270 ./USB_DEVICE/App/usbd_cdc_if.o
 .debug_abbrev  0x0000358b      0x1ff ./USB_DEVICE/App/usbd_desc.o
 .debug_abbrev  0x0000378a      0x316 ./USB_DEVICE/Target/usbd_conf.o

.debug_aranges  0x00000000     0x1468
 .debug_aranges
                0x00000000       0x90 ./Core/Src/main.o
 .debug_aranges
                0x00000090       0x50 ./Core/Src/stm32f1xx_hal_msp.o
 .debug_aranges
                0x000000e0       0xa8 ./Core/Src/stm32f1xx_it.o
 .debug_aranges
                0x00000188       0x28 ./Core/Src/system_stm32f1xx.o
 .debug_aranges
                0x000001b0       0x28 ./Core/Startup/startup_stm32f103c8tx.o
 .debug_aranges
                0x000001d8       0xe0 ./Drivers/STM32F1xx_HAL_Driver/Src/stm32f1xx_hal.o
 .debug_aranges
                0x000002b8       0xf0 ./Drivers/STM32F1xx_HAL_Driver/Src/stm32f1xx_hal_adc.o
 .debug_aranges
                0x000003a8       0x80 ./Drivers/STM32F1xx_HAL_Driver/Src/stm32f1xx_hal_adc_ex.o
 .debug_aranges
                0x00000428      0x100 ./Drivers/STM32F1xx_HAL_Driver/Src/stm32f1xx_hal_cortex.o
 .debug_aranges
                0x00000528       0x80 ./Drivers/STM32F1xx_HAL_Driver/Src/stm32f1xx_hal_dma.o
 .debug_aranges
                0x000005a8       0x58 ./Drivers/STM32F1xx_HAL_Driver/Src/stm32f1xx_hal_gpio.o
 .debug_aranges
                0x00000600      0x140 ./Drivers/STM32F1xx_HAL_Driver/Src/stm32f1xx_hal_pcd.o
 .debug_aranges
                0x00000740       0x38 ./Drivers/STM32F1xx_HAL_Driver/Src/stm32f1xx_hal_pcd_ex.o
 .debug_aranges
                0x00000778       0x90 ./Drivers/STM32F1xx_HAL_Driver/Src/stm32f1xx_hal_rcc.o
 .debug_aranges
                0x00000808       0x30 ./Drivers/STM32F1xx_HAL_Driver/Src/stm32f1xx_hal_rcc_ex.o
 .debug_aranges
                0x00000838      0x3d0 ./Drivers/STM32F1xx_HAL_Driver/Src/stm32f1xx_hal_tim.o
 .debug_aranges
                0x00000c08      0x168 ./Drivers/STM32F1xx_HAL_Driver/Src/stm32f1xx_hal_tim_ex.o
 .debug_aranges
                0x00000d70      0x208 ./Drivers/STM32F1xx_HAL_Driver/Src/stm32f1xx_hal_uart.o
 .debug_aranges
                0x00000f78       0xf8 ./Drivers/STM32F1xx_HAL_Driver/Src/stm32f1xx_ll_usb.o
 .debug_aranges
                0x00001070       0x90 ./Middlewares/ST/STM32_USB_Device_Library/Class/CDC/Src/usbd_cdc.o
 .debug_aranges
                0x00001100       0xb8 ./Middlewares/ST/STM32_USB_Device_Library/Core/Src/usbd_core.o
 .debug_aranges
                0x000011b8       0x88 ./Middlewares/ST/STM32_USB_Device_Library/Core/Src/usbd_ctlreq.o
 .debug_aranges
                0x00001240       0x50 ./Middlewares/ST/STM32_USB_Device_Library/Core/Src/usbd_ioreq.o
 .debug_aranges
                0x00001290       0x20 ./USB_DEVICE/App/usb_device.o
 .debug_aranges
                0x000012b0       0x40 ./USB_DEVICE/App/usbd_cdc_if.o
 .debug_aranges
                0x000012f0       0x60 ./USB_DEVICE/App/usbd_desc.o
 .debug_aranges
                0x00001350      0x118 ./USB_DEVICE/Target/usbd_conf.o

.debug_rnglists
                0x00000000      0xfb9
 .debug_rnglists
                0x00000000       0x6f ./Core/Src/main.o
 .debug_rnglists
                0x0000006f       0x3b ./Core/Src/stm32f1xx_hal_msp.o
 .debug_rnglists
                0x000000aa       0x79 ./Core/Src/stm32f1xx_it.o
 .debug_rnglists
                0x00000123       0x1a ./Core/Src/system_stm32f1xx.o
 .debug_rnglists
                0x0000013d       0x19 ./Core/Startup/startup_stm32f103c8tx.o
 .debug_rnglists
                0x00000156       0xa3 ./Drivers/STM32F1xx_HAL_Driver/Src/stm32f1xx_hal.o
 .debug_rnglists
                0x000001f9       0xbc ./Drivers/STM32F1xx_HAL_Driver/Src/stm32f1xx_hal_adc.o
 .debug_rnglists
                0x000002b5       0x65 ./Drivers/STM32F1xx_HAL_Driver/Src/stm32f1xx_hal_adc_ex.o
 .debug_rnglists
                0x0000031a       0xbb ./Drivers/STM32F1xx_HAL_Driver/Src/stm32f1xx_hal_cortex.o
 .debug_rnglists
                0x000003d5       0x64 ./Drivers/STM32F1xx_HAL_Driver/Src/stm32f1xx_hal_dma.o
 .debug_rnglists
                0x00000439       0x3f ./Drivers/STM32F1xx_HAL_Driver/Src/stm32f1xx_hal_gpio.o
 .debug_rnglists
                0x00000478       0xf4 ./Drivers/STM32F1xx_HAL_Driver/Src/stm32f1xx_hal_pcd.o
 .debug_rnglists
                0x0000056c       0x26 ./Drivers/STM32F1xx_HAL_Driver/Src/stm32f1xx_hal_pcd_ex.o
 .debug_rnglists
                0x00000592       0x6c ./Drivers/STM32F1xx_HAL_Driver/Src/stm32f1xx_hal_rcc.o
 .debug_rnglists
                0x000005fe       0x21 ./Drivers/STM32F1xx_HAL_Driver/Src/stm32f1xx_hal_rcc_ex.o
 .debug_rnglists
                0x0000061f      0x31a ./Drivers/STM32F1xx_HAL_Driver/Src/stm32f1xx_hal_tim.o
 .debug_rnglists
                0x00000939      0x125 ./Drivers/STM32F1xx_HAL_Driver/Src/stm32f1xx_hal_tim_ex.o
 .debug_rnglists
                0x00000a5e      0x1bc ./Drivers/STM32F1xx_HAL_Driver/Src/stm32f1xx_hal_uart.o
 .debug_rnglists
                0x00000c1a       0xbd ./Drivers/STM32F1xx_HAL_Driver/Src/stm32f1xx_ll_usb.o
 .debug_rnglists
                0x00000cd7       0x6a ./Middlewares/ST/STM32_USB_Device_Library/Class/CDC/Src/usbd_cdc.o
 .debug_rnglists
                0x00000d41       0x89 ./Middlewares/ST/STM32_USB_Device_Library/Core/Src/usbd_core.o
 .debug_rnglists
                0x00000dca       0x68 ./Middlewares/ST/STM32_USB_Device_Library/Core/Src/usbd_ctlreq.o
 .debug_rnglists
                0x00000e32       0x37 ./Middlewares/ST/STM32_USB_Device_Library/Core/Src/usbd_ioreq.o
 .debug_rnglists
                0x00000e69       0x13 ./USB_DEVICE/App/usb_device.o
 .debug_rnglists
                0x00000e7c       0x2c ./USB_DEVICE/App/usbd_cdc_if.o
 .debug_rnglists
                0x00000ea8       0x43 ./USB_DEVICE/App/usbd_desc.o
 .debug_rnglists
                0x00000eeb       0xce ./USB_DEVICE/Target/usbd_conf.o

.debug_macro    0x00000000    0x1b200
 .debug_macro   0x00000000      0x3b1 ./Core/Src/main.o
 .debug_macro   0x000003b1      0xacc ./Core/Src/main.o
 .debug_macro   0x00000e7d      0x22d ./Core/Src/main.o
 .debug_macro   0x000010aa       0x2e ./Core/Src/main.o
 .debug_macro   0x000010d8       0x22 ./Core/Src/main.o
 .debug_macro   0x000010fa       0x22 ./Core/Src/main.o
 .debug_macro   0x0000111c       0x8e ./Core/Src/main.o
 .debug_macro   0x000011aa       0x51 ./Core/Src/main.o
 .debug_macro   0x000011fb      0x103 ./Core/Src/main.o
 .debug_macro   0x000012fe       0x6a ./Core/Src/main.o
 .debug_macro   0x00001368      0x1df ./Core/Src/main.o
 .debug_macro   0x00001547       0x1c ./Core/Src/main.o
 .debug_macro   0x00001563       0x22 ./Core/Src/main.o
 .debug_macro   0x00001585       0xbd ./Core/Src/main.o
 .debug_macro   0x00001642      0xd23 ./Core/Src/main.o
 .debug_macro   0x00002365     0xe09e ./Core/Src/main.o
 .debug_macro   0x00010403       0x6d ./Core/Src/main.o
 .debug_macro   0x00010470     0x34a2 ./Core/Src/main.o
 .debug_macro   0x00013912      0x190 ./Core/Src/main.o
 .debug_macro   0x00013aa2       0x5c ./Core/Src/main.o
 .debug_macro   0x00013afe      0x5bc ./Core/Src/main.o
 .debug_macro   0x000140ba      0x289 ./Core/Src/main.o
 .debug_macro   0x00014343      0x1cb ./Core/Src/main.o
 .debug_macro   0x0001450e      0x114 ./Core/Src/main.o
 .debug_macro   0x00014622      0x1b2 ./Core/Src/main.o
 .debug_macro   0x000147d4       0x27 ./Core/Src/main.o
 .debug_macro   0x000147fb      0x136 ./Core/Src/main.o
 .debug_macro   0x00014931      0x1bc ./Core/Src/main.o
 .debug_macro   0x00014aed       0x34 ./Core/Src/main.o
 .debug_macro   0x00014b21       0x3c ./Core/Src/main.o
 .debug_macro   0x00014b5d       0x57 ./Core/Src/main.o
 .debug_macro   0x00014bb4      0x46a ./Core/Src/main.o
 .debug_macro   0x0001501e      0x1b5 ./Core/Src/main.o
 .debug_macro   0x000151d3       0x87 ./Core/Src/main.o
 .debug_macro   0x0001525a      0x240 ./Core/Src/main.o
 .debug_macro   0x0001549a      0x140 ./Core/Src/main.o
 .debug_macro   0x000155da      0x8ed ./Core/Src/main.o
 .debug_macro   0x00015ec7      0x28e ./Core/Src/main.o
 .debug_macro   0x00016155       0xb7 ./Core/Src/main.o
 .debug_macro   0x0001620c      0x242 ./Core/Src/main.o
 .debug_macro   0x0001644e       0x83 ./Core/Src/main.o
 .debug_macro   0x000164d1       0x61 ./Core/Src/main.o
 .debug_macro   0x00016532       0x24 ./Core/Src/main.o
 .debug_macro   0x00016556       0x43 ./Core/Src/main.o
 .debug_macro   0x00016599       0x34 ./Core/Src/main.o
 .debug_macro   0x000165cd       0x16 ./Core/Src/main.o
 .debug_macro   0x000165e3       0x3c ./Core/Src/main.o
 .debug_macro   0x0001661f      0x370 ./Core/Src/main.o
 .debug_macro   0x0001698f       0x10 ./Core/Src/main.o
 .debug_macro   0x0001699f       0x16 ./Core/Src/main.o
 .debug_macro   0x000169b5       0x4a ./Core/Src/main.o
 .debug_macro   0x000169ff       0x34 ./Core/Src/main.o
 .debug_macro   0x00016a33       0x10 ./Core/Src/main.o
 .debug_macro   0x00016a43       0x58 ./Core/Src/main.o
 .debug_macro   0x00016a9b       0x8e ./Core/Src/main.o
 .debug_macro   0x00016b29       0x1c ./Core/Src/main.o
 .debug_macro   0x00016b45      0x185 ./Core/Src/main.o
 .debug_macro   0x00016cca       0x16 ./Core/Src/main.o
 .debug_macro   0x00016ce0       0x16 ./Core/Src/main.o
 .debug_macro   0x00016cf6      0x146 ./Core/Src/main.o
 .debug_macro   0x00016e3c       0x16 ./Core/Src/main.o
 .debug_macro   0x00016e52       0x16 ./Core/Src/main.o
 .debug_macro   0x00016e68       0x29 ./Core/Src/main.o
 .debug_macro   0x00016e91       0x16 ./Core/Src/main.o
 .debug_macro   0x00016ea7       0x20 ./Core/Src/main.o
 .debug_macro   0x00016ec7       0x5f ./Core/Src/main.o
 .debug_macro   0x00016f26      0x1c8 ./Core/Src/main.o
 .debug_macro   0x000170ee       0x8f ./Core/Src/main.o
 .debug_macro   0x0001717d       0x10 ./Core/Src/main.o
 .debug_macro   0x0001718d      0x1e5 ./Core/Src/stm32f1xx_hal_msp.o
 .debug_macro   0x00017372      0x1ef ./Core/Src/stm32f1xx_it.o
 .debug_macro   0x00017561      0x1db ./Core/Src/system_stm32f1xx.o
 .debug_macro   0x0001773c      0x1ff ./Drivers/STM32F1xx_HAL_Driver/Src/stm32f1xx_hal.o
 .debug_macro   0x0001793b      0x1f8 ./Drivers/STM32F1xx_HAL_Driver/Src/stm32f1xx_hal_adc.o
 .debug_macro   0x00017b33      0x1ed ./Drivers/STM32F1xx_HAL_Driver/Src/stm32f1xx_hal_adc_ex.o
 .debug_macro   0x00017d20      0x1db ./Drivers/STM32F1xx_HAL_Driver/Src/stm32f1xx_hal_cortex.o
 .debug_macro   0x00017efb      0x1db ./Drivers/STM32F1xx_HAL_Driver/Src/stm32f1xx_hal_dma.o
 .debug_macro   0x000180d6      0x246 ./Drivers/STM32F1xx_HAL_Driver/Src/stm32f1xx_hal_gpio.o
 .debug_macro   0x0001831c      0x1e7 ./Drivers/STM32F1xx_HAL_Driver/Src/stm32f1xx_hal_pcd.o
 .debug_macro   0x00018503      0x1db ./Drivers/STM32F1xx_HAL_Driver/Src/stm32f1xx_hal_pcd_ex.o
 .debug_macro   0x000186de      0x1ed ./Drivers/STM32F1xx_HAL_Driver/Src/stm32f1xx_hal_rcc.o
 .debug_macro   0x000188cb      0x1db ./Drivers/STM32F1xx_HAL_Driver/Src/stm32f1xx_hal_rcc_ex.o
 .debug_macro   0x00018aa6      0x1dc ./Drivers/STM32F1xx_HAL_Driver/Src/stm32f1xx_hal_tim.o
 .debug_macro   0x00018c82      0x1db ./Drivers/STM32F1xx_HAL_Driver/Src/stm32f1xx_hal_tim_ex.o
 .debug_macro   0x00018e5d      0x1dc ./Drivers/STM32F1xx_HAL_Driver/Src/stm32f1xx_hal_uart.o
 .debug_macro   0x00019039      0x1db ./Drivers/STM32F1xx_HAL_Driver/Src/stm32f1xx_ll_usb.o
 .debug_macro   0x00019214      0x374 ./Middlewares/ST/STM32_USB_Device_Library/Class/CDC/Src/usbd_cdc.o
 .debug_macro   0x00019588       0x9e ./Middlewares/ST/STM32_USB_Device_Library/Class/CDC/Src/usbd_cdc.o
 .debug_macro   0x00019626      0x112 ./Middlewares/ST/STM32_USB_Device_Library/Class/CDC/Src/usbd_cdc.o
 .debug_macro   0x00019738       0x56 ./Middlewares/ST/STM32_USB_Device_Library/Class/CDC/Src/usbd_cdc.o
 .debug_macro   0x0001978e      0x35b ./Middlewares/ST/STM32_USB_Device_Library/Core/Src/usbd_core.o
 .debug_macro   0x00019ae9      0x1ce ./Middlewares/ST/STM32_USB_Device_Library/Core/Src/usbd_core.o
 .debug_macro   0x00019cb7      0x365 ./Middlewares/ST/STM32_USB_Device_Library/Core/Src/usbd_ctlreq.o
 .debug_macro   0x0001a01c      0x361 ./Middlewares/ST/STM32_USB_Device_Library/Core/Src/usbd_ioreq.o
 .debug_macro   0x0001a37d      0x39a ./USB_DEVICE/App/usb_device.o
 .debug_macro   0x0001a717       0x22 ./USB_DEVICE/App/usb_device.o
 .debug_macro   0x0001a739       0x16 ./USB_DEVICE/App/usb_device.o
 .debug_macro   0x0001a74f      0x37f ./USB_DEVICE/App/usbd_cdc_if.o
 .debug_macro   0x0001aace      0x398 ./USB_DEVICE/App/usbd_desc.o
 .debug_macro   0x0001ae66       0x1c ./USB_DEVICE/App/usbd_desc.o
 .debug_macro   0x0001ae82      0x37e ./USB_DEVICE/Target/usbd_conf.o

.debug_line     0x00000000    0x1933b
 .debug_line    0x00000000      0xf77 ./Core/Src/main.o
 .debug_line    0x00000f77      0x907 ./Core/Src/stm32f1xx_hal_msp.o
 .debug_line    0x0000187e      0x8fb ./Core/Src/stm32f1xx_it.o
 .debug_line    0x00002179      0x7f3 ./Core/Src/system_stm32f1xx.o
 .debug_line    0x0000296c       0x78 ./Core/Startup/startup_stm32f103c8tx.o
 .debug_line    0x000029e4      0xa24 ./Drivers/STM32F1xx_HAL_Driver/Src/stm32f1xx_hal.o
 .debug_line    0x00003408     0x1049 ./Drivers/STM32F1xx_HAL_Driver/Src/stm32f1xx_hal_adc.o
 .debug_line    0x00004451      0xd6b ./Drivers/STM32F1xx_HAL_Driver/Src/stm32f1xx_hal_adc_ex.o
 .debug_line    0x000051bc      0xbee ./Drivers/STM32F1xx_HAL_Driver/Src/stm32f1xx_hal_cortex.o
 .debug_line    0x00005daa      0xe2e ./Drivers/STM32F1xx_HAL_Driver/Src/stm32f1xx_hal_dma.o
 .debug_line    0x00006bd8      0xa81 ./Drivers/STM32F1xx_HAL_Driver/Src/stm32f1xx_hal_gpio.o
 .debug_line    0x00007659     0x13a9 ./Drivers/STM32F1xx_HAL_Driver/Src/stm32f1xx_hal_pcd.o
 .debug_line    0x00008a02      0x7ee ./Drivers/STM32F1xx_HAL_Driver/Src/stm32f1xx_hal_pcd_ex.o
 .debug_line    0x000091f0      0xedd ./Drivers/STM32F1xx_HAL_Driver/Src/stm32f1xx_hal_rcc.o
 .debug_line    0x0000a0cd      0x98e ./Drivers/STM32F1xx_HAL_Driver/Src/stm32f1xx_hal_rcc_ex.o
 .debug_line    0x0000aa5b     0x3512 ./Drivers/STM32F1xx_HAL_Driver/Src/stm32f1xx_hal_tim.o
 .debug_line    0x0000df6d     0x18e8 ./Drivers/STM32F1xx_HAL_Driver/Src/stm32f1xx_hal_tim_ex.o
 .debug_line    0x0000f855     0x2540 ./Drivers/STM32F1xx_HAL_Driver/Src/stm32f1xx_hal_uart.o
 .debug_line    0x00011d95     0x1194 ./Drivers/STM32F1xx_HAL_Driver/Src/stm32f1xx_ll_usb.o
 .debug_line    0x00012f29      0xd7d ./Middlewares/ST/STM32_USB_Device_Library/Class/CDC/Src/usbd_cdc.o
 .debug_line    0x00013ca6      0xdd2 ./Middlewares/ST/STM32_USB_Device_Library/Core/Src/usbd_core.o
 .debug_line    0x00014a78     0x101c ./Middlewares/ST/STM32_USB_Device_Library/Core/Src/usbd_ctlreq.o
 .debug_line    0x00015a94      0xa88 ./Middlewares/ST/STM32_USB_Device_Library/Core/Src/usbd_ioreq.o
 .debug_line    0x0001651c      0xa58 ./USB_DEVICE/App/usb_device.o
 .debug_line    0x00016f74      0xa92 ./USB_DEVICE/App/usbd_cdc_if.o
 .debug_line    0x00017a06      0xb01 ./USB_DEVICE/App/usbd_desc.o
 .debug_line    0x00018507      0xe34 ./USB_DEVICE/Target/usbd_conf.o

.debug_str      0x00000000    0x94565
 .debug_str     0x00000000    0x94565 ./Core/Src/main.o
                              0x9028d (size before relaxing)
 .debug_str     0x00094565    0x8b7e9 ./Core/Src/stm32f1xx_hal_msp.o
 .debug_str     0x00094565    0x8b7fd ./Core/Src/stm32f1xx_it.o
 .debug_str     0x00094565    0x8ab8d ./Core/Src/system_stm32f1xx.o
 .debug_str     0x00094565       0x87 ./Core/Startup/startup_stm32f103c8tx.o
 .debug_str     0x00094565    0x8b2c0 ./Drivers/STM32F1xx_HAL_Driver/Src/stm32f1xx_hal.o
 .debug_str     0x00094565    0x8b271 ./Drivers/STM32F1xx_HAL_Driver/Src/stm32f1xx_hal_adc.o
 .debug_str     0x00094565    0x8b241 ./Drivers/STM32F1xx_HAL_Driver/Src/stm32f1xx_hal_adc_ex.o
 .debug_str     0x00094565    0x8b20c ./Drivers/STM32F1xx_HAL_Driver/Src/stm32f1xx_hal_cortex.o
 .debug_str     0x00094565    0x8af36 ./Drivers/STM32F1xx_HAL_Driver/Src/stm32f1xx_hal_dma.o
 .debug_str     0x00094565    0x8af13 ./Drivers/STM32F1xx_HAL_Driver/Src/stm32f1xx_hal_gpio.o
 .debug_str     0x00094565    0x8b4aa ./Drivers/STM32F1xx_HAL_Driver/Src/stm32f1xx_hal_pcd.o
 .debug_str     0x00094565    0x8b00c ./Drivers/STM32F1xx_HAL_Driver/Src/stm32f1xx_hal_pcd_ex.o
 .debug_str     0x00094565    0x8afbc ./Drivers/STM32F1xx_HAL_Driver/Src/stm32f1xx_hal_rcc.o
 .debug_str     0x00094565    0x8ad0c ./Drivers/STM32F1xx_HAL_Driver/Src/stm32f1xx_hal_rcc_ex.o
 .debug_str     0x00094565    0x8bfbe ./Drivers/STM32F1xx_HAL_Driver/Src/stm32f1xx_hal_tim.o
 .debug_str     0x00094565    0x8b7ca ./Drivers/STM32F1xx_HAL_Driver/Src/stm32f1xx_hal_tim_ex.o
 .debug_str     0x00094565    0x8b62d ./Drivers/STM32F1xx_HAL_Driver/Src/stm32f1xx_hal_uart.o
 .debug_str     0x00094565    0x8b05e ./Drivers/STM32F1xx_HAL_Driver/Src/stm32f1xx_ll_usb.o
 .debug_str     0x00094565    0x8faf9 ./Middlewares/ST/STM32_USB_Device_Library/Class/CDC/Src/usbd_cdc.o
 .debug_str     0x00094565    0x8f429 ./Middlewares/ST/STM32_USB_Device_Library/Core/Src/usbd_core.o
 .debug_str     0x00094565    0x8f343 ./Middlewares/ST/STM32_USB_Device_Library/Core/Src/usbd_ctlreq.o
 .debug_str     0x00094565    0x8f270 ./Middlewares/ST/STM32_USB_Device_Library/Core/Src/usbd_ioreq.o
 .debug_str     0x00094565    0x8f5fb ./USB_DEVICE/App/usb_device.o
 .debug_str     0x00094565    0x8f641 ./USB_DEVICE/App/usbd_cdc_if.o
 .debug_str     0x00094565    0x8f1ac ./USB_DEVICE/App/usbd_desc.o
 .debug_str     0x00094565    0x90086 ./USB_DEVICE/Target/usbd_conf.o

.comment        0x00000000       0x43
 .comment       0x00000000       0x43 ./Core/Src/main.o
                                 0x44 (size before relaxing)
 .comment       0x00000043       0x44 ./Core/Src/stm32f1xx_hal_msp.o
 .comment       0x00000043       0x44 ./Core/Src/stm32f1xx_it.o
 .comment       0x00000043       0x44 ./Core/Src/system_stm32f1xx.o
 .comment       0x00000043       0x44 ./Drivers/STM32F1xx_HAL_Driver/Src/stm32f1xx_hal.o
 .comment       0x00000043       0x44 ./Drivers/STM32F1xx_HAL_Driver/Src/stm32f1xx_hal_adc.o
 .comment       0x00000043       0x44 ./Drivers/STM32F1xx_HAL_Driver/Src/stm32f1xx_hal_adc_ex.o
 .comment       0x00000043       0x44 ./Drivers/STM32F1xx_HAL_Driver/Src/stm32f1xx_hal_cortex.o
 .comment       0x00000043       0x44 ./Drivers/STM32F1xx_HAL_Driver/Src/stm32f1xx_hal_dma.o
 .comment       0x00000043       0x44 ./Drivers/STM32F1xx_HAL_Driver/Src/stm32f1xx_hal_gpio.o
 .comment       0x00000043       0x44 ./Drivers/STM32F1xx_HAL_Driver/Src/stm32f1xx_hal_pcd.o
 .comment       0x00000043       0x44 ./Drivers/STM32F1xx_HAL_Driver/Src/stm32f1xx_hal_pcd_ex.o
 .comment       0x00000043       0x44 ./Drivers/STM32F1xx_HAL_Driver/Src/stm32f1xx_hal_rcc.o
 .comment       0x00000043       0x44 ./Drivers/STM32F1xx_HAL_Driver/Src/stm32f1xx_hal_rcc_ex.o
 .comment       0x00000043       0x44 ./Drivers/STM32F1xx_HAL_Driver/Src/stm32f1xx_hal_tim.o
 .comment       0x00000043       0x44 ./Drivers/STM32F1xx_HAL_Driver/Src/stm32f1xx_hal_tim_ex.o
 .comment       0x00000043       0x44 ./Drivers/STM32F1xx_HAL_Driver/Src/stm32f1xx_hal_uart.o
 .comment       0x00000043       0x44 ./Drivers/STM32F1xx_HAL_Driver/Src/stm32f1xx_ll_usb.o
 .comment       0x00000043       0x44 ./Middlewares/ST/STM32_USB_Device_Library/Class/CDC/Src/usbd_cdc.o
 .comment       0x00000043       0x44 ./Middlewares/ST/STM32_USB_Device_Library/Core/Src/usbd_core.o
 .comment       0x00000043       0x44 ./Middlewares/ST/STM32_USB_Device_Library/Core/Src/usbd_ctlreq.o
 .comment       0x00000043       0x44 ./Middlewares/ST/STM32_USB_Device_Library/Core/Src/usbd_ioreq.o
 .comment       0x00000043       0x44 ./USB_DEVICE/App/usb_device.o
 .comment       0x00000043       0x44 ./USB_DEVICE/App/usbd_cdc_if.o
 .comment       0x00000043       0x44 ./USB_DEVICE/App/usbd_desc.o
 .comment       0x00000043       0x44 ./USB_DEVICE/Target/usbd_conf.o

.debug_frame    0x00000000     0x550c
 .debug_frame   0x00000000      0x21c ./Core/Src/main.o
 .debug_frame   0x0000021c      0x110 ./Core/Src/stm32f1xx_hal_msp.o
 .debug_frame   0x0000032c      0x200 ./Core/Src/stm32f1xx_it.o
 .debug_frame   0x0000052c       0x58 ./Core/Src/system_stm32f1xx.o
 .debug_frame   0x00000584      0x334 ./Drivers/STM32F1xx_HAL_Driver/Src/stm32f1xx_hal.o
 .debug_frame   0x000008b8      0x40c ./Drivers/STM32F1xx_HAL_Driver/Src/stm32f1xx_hal_adc.o
 .debug_frame   0x00000cc4      0x200 ./Drivers/STM32F1xx_HAL_Driver/Src/stm32f1xx_hal_adc_ex.o
 .debug_frame   0x00000ec4      0x428 ./Drivers/STM32F1xx_HAL_Driver/Src/stm32f1xx_hal_cortex.o
 .debug_frame   0x000012ec      0x208 ./Drivers/STM32F1xx_HAL_Driver/Src/stm32f1xx_hal_dma.o
 .debug_frame   0x000014f4      0x14c ./Drivers/STM32F1xx_HAL_Driver/Src/stm32f1xx_hal_gpio.o
 .debug_frame   0x00001640      0x594 ./Drivers/STM32F1xx_HAL_Driver/Src/stm32f1xx_hal_pcd.o
 .debug_frame   0x00001bd4       0xb0 ./Drivers/STM32F1xx_HAL_Driver/Src/stm32f1xx_hal_pcd_ex.o
 .debug_frame   0x00001c84      0x218 ./Drivers/STM32F1xx_HAL_Driver/Src/stm32f1xx_hal_rcc.o
 .debug_frame   0x00001e9c       0x80 ./Drivers/STM32F1xx_HAL_Driver/Src/stm32f1xx_hal_rcc_ex.o
 .debug_frame   0x00001f1c     0x11b8 ./Drivers/STM32F1xx_HAL_Driver/Src/stm32f1xx_hal_tim.o
 .debug_frame   0x000030d4      0x638 ./Drivers/STM32F1xx_HAL_Driver/Src/stm32f1xx_hal_tim_ex.o
 .debug_frame   0x0000370c      0x944 ./Drivers/STM32F1xx_HAL_Driver/Src/stm32f1xx_hal_uart.o
 .debug_frame   0x00004050      0x470 ./Drivers/STM32F1xx_HAL_Driver/Src/stm32f1xx_ll_usb.o
 .debug_frame   0x000044c0      0x248 ./Middlewares/ST/STM32_USB_Device_Library/Class/CDC/Src/usbd_cdc.o
 .debug_frame   0x00004708      0x300 ./Middlewares/ST/STM32_USB_Device_Library/Core/Src/usbd_core.o
 .debug_frame   0x00004a08      0x218 ./Middlewares/ST/STM32_USB_Device_Library/Core/Src/usbd_ctlreq.o
 .debug_frame   0x00004c20      0x10c ./Middlewares/ST/STM32_USB_Device_Library/Core/Src/usbd_ioreq.o
 .debug_frame   0x00004d2c       0x2c ./USB_DEVICE/App/usb_device.o
 .debug_frame   0x00004d58       0xbc ./USB_DEVICE/App/usbd_cdc_if.o
 .debug_frame   0x00004e14      0x160 ./USB_DEVICE/App/usbd_desc.o
 .debug_frame   0x00004f74      0x4a4 ./USB_DEVICE/Target/usbd_conf.o
 .debug_frame   0x00005418       0x20 C:/ST/STM32CubeIDE_1.17.0/STM32CubeIDE/plugins/com.st.stm32cube.ide.mcu.externaltools.gnu-tools-for-stm32.13.3.rel1.win32_1.0.0.202411081344/tools/bin/../lib/gcc/arm-none-eabi/13.3.1/../../../../arm-none-eabi/lib/thumb/v7-m/nofp\libc_nano.a(libc_a-memset.o)